E:/STM32Cube_FW_L4_V1.18.0/Projects/B-L475E-IOT01A/Applications/WiFi/WiFi_HTTP_Server2/Src/main.c:79:5:main	1
E:/STM32Cube_FW_L4_V1.18.0/Projects/B-L475E-IOT01A/Applications/WiFi/WiFi_HTTP_Server2/Src/main.c:126:12:wifi_start	3
E:/STM32Cube_FW_L4_V1.18.0/Projects/B-L475E-IOT01A/Applications/WiFi/WiFi_HTTP_Server2/Src/main.c:159:5:wifi_connect	3
E:/STM32Cube_FW_L4_V1.18.0/Projects/B-L475E-IOT01A/Applications/WiFi/WiFi_HTTP_Server2/Src/main.c:189:5:wifi_server	7
E:/STM32Cube_FW_L4_V1.18.0/Projects/B-L475E-IOT01A/Applications/WiFi/WiFi_HTTP_Server2/Src/main.c:238:13:WebServerProcess	13
E:/STM32Cube_FW_L4_V1.18.0/Projects/B-L475E-IOT01A/Applications/WiFi/WiFi_HTTP_Server2/Src/main.c:360:22:SendWebPage	14
E:/STM32Cube_FW_L4_V1.18.0/Projects/B-L475E-IOT01A/Applications/WiFi/WiFi_HTTP_Server2/Src/main.c:421:13:SystemClock_Config	3
E:/STM32Cube_FW_L4_V1.18.0/Projects/B-L475E-IOT01A/Applications/WiFi/WiFi_HTTP_Server2/Src/main.c:464:1:__io_putchar	1
E:/STM32Cube_FW_L4_V1.18.0/Projects/B-L475E-IOT01A/Applications/WiFi/WiFi_HTTP_Server2/Src/main.c:500:6:HAL_GPIO_EXTI_Callback	2
E:/STM32Cube_FW_L4_V1.18.0/Projects/B-L475E-IOT01A/Applications/WiFi/WiFi_HTTP_Server2/Src/main.c:521:6:SPI3_IRQHandler	1
