Archive member included to satisfy reference by file (symbol)

D:/tp/STM32CubeIDE_1.11.2/STM32CubeIDE/plugins/com.st.stm32cube.ide.mcu.externaltools.gnu-tools-for-stm32.11.3.rel1.win32_1.1.0.202305231506/tools/bin/../lib/gcc/arm-none-eabi/11.3.1/../../../../arm-none-eabi/lib/thumb/v7e-m+fp/hard\libc_nano.a(libc_a-exit.o)
                              D:/tp/STM32CubeIDE_1.11.2/STM32CubeIDE/plugins/com.st.stm32cube.ide.mcu.externaltools.gnu-tools-for-stm32.11.3.rel1.win32_1.1.0.202305231506/tools/bin/../lib/gcc/arm-none-eabi/11.3.1/../../../../arm-none-eabi/lib/thumb/v7e-m+fp/hard/crt0.o (exit)
D:/tp/STM32CubeIDE_1.11.2/STM32CubeIDE/plugins/com.st.stm32cube.ide.mcu.externaltools.gnu-tools-for-stm32.11.3.rel1.win32_1.1.0.202305231506/tools/bin/../lib/gcc/arm-none-eabi/11.3.1/../../../../arm-none-eabi/lib/thumb/v7e-m+fp/hard\libc_nano.a(libc_a-findfp.o)
                              D:/tp/STM32CubeIDE_1.11.2/STM32CubeIDE/plugins/com.st.stm32cube.ide.mcu.externaltools.gnu-tools-for-stm32.11.3.rel1.win32_1.1.0.202305231506/tools/bin/../lib/gcc/arm-none-eabi/11.3.1/../../../../arm-none-eabi/lib/thumb/v7e-m+fp/hard\libc_nano.a(libc_a-exit.o) (__stdio_exit_handler)
D:/tp/STM32CubeIDE_1.11.2/STM32CubeIDE/plugins/com.st.stm32cube.ide.mcu.externaltools.gnu-tools-for-stm32.11.3.rel1.win32_1.1.0.202305231506/tools/bin/../lib/gcc/arm-none-eabi/11.3.1/../../../../arm-none-eabi/lib/thumb/v7e-m+fp/hard\libc_nano.a(libc_a-fwalk.o)
                              D:/tp/STM32CubeIDE_1.11.2/STM32CubeIDE/plugins/com.st.stm32cube.ide.mcu.externaltools.gnu-tools-for-stm32.11.3.rel1.win32_1.1.0.202305231506/tools/bin/../lib/gcc/arm-none-eabi/11.3.1/../../../../arm-none-eabi/lib/thumb/v7e-m+fp/hard\libc_nano.a(libc_a-findfp.o) (_fwalk_sglue)
D:/tp/STM32CubeIDE_1.11.2/STM32CubeIDE/plugins/com.st.stm32cube.ide.mcu.externaltools.gnu-tools-for-stm32.11.3.rel1.win32_1.1.0.202305231506/tools/bin/../lib/gcc/arm-none-eabi/11.3.1/../../../../arm-none-eabi/lib/thumb/v7e-m+fp/hard\libc_nano.a(libc_a-printf.o)
                              ./Application/User/main.o (printf)
D:/tp/STM32CubeIDE_1.11.2/STM32CubeIDE/plugins/com.st.stm32cube.ide.mcu.externaltools.gnu-tools-for-stm32.11.3.rel1.win32_1.1.0.202305231506/tools/bin/../lib/gcc/arm-none-eabi/11.3.1/../../../../arm-none-eabi/lib/thumb/v7e-m+fp/hard\libc_nano.a(libc_a-puts.o)
                              ./Application/User/main.o (puts)
D:/tp/STM32CubeIDE_1.11.2/STM32CubeIDE/plugins/com.st.stm32cube.ide.mcu.externaltools.gnu-tools-for-stm32.11.3.rel1.win32_1.1.0.202305231506/tools/bin/../lib/gcc/arm-none-eabi/11.3.1/../../../../arm-none-eabi/lib/thumb/v7e-m+fp/hard\libc_nano.a(libc_a-snprintf.o)
                              ./Application/WIFI/es_wifi.o (snprintf)
D:/tp/STM32CubeIDE_1.11.2/STM32CubeIDE/plugins/com.st.stm32cube.ide.mcu.externaltools.gnu-tools-for-stm32.11.3.rel1.win32_1.1.0.202305231506/tools/bin/../lib/gcc/arm-none-eabi/11.3.1/../../../../arm-none-eabi/lib/thumb/v7e-m+fp/hard\libc_nano.a(libc_a-sprintf.o)
                              ./Application/User/main.o (sprintf)
D:/tp/STM32CubeIDE_1.11.2/STM32CubeIDE/plugins/com.st.stm32cube.ide.mcu.externaltools.gnu-tools-for-stm32.11.3.rel1.win32_1.1.0.202305231506/tools/bin/../lib/gcc/arm-none-eabi/11.3.1/../../../../arm-none-eabi/lib/thumb/v7e-m+fp/hard\libc_nano.a(libc_a-stdio.o)
                              D:/tp/STM32CubeIDE_1.11.2/STM32CubeIDE/plugins/com.st.stm32cube.ide.mcu.externaltools.gnu-tools-for-stm32.11.3.rel1.win32_1.1.0.202305231506/tools/bin/../lib/gcc/arm-none-eabi/11.3.1/../../../../arm-none-eabi/lib/thumb/v7e-m+fp/hard\libc_nano.a(libc_a-findfp.o) (__sread)
D:/tp/STM32CubeIDE_1.11.2/STM32CubeIDE/plugins/com.st.stm32cube.ide.mcu.externaltools.gnu-tools-for-stm32.11.3.rel1.win32_1.1.0.202305231506/tools/bin/../lib/gcc/arm-none-eabi/11.3.1/../../../../arm-none-eabi/lib/thumb/v7e-m+fp/hard\libc_nano.a(libc_a-wbuf.o)
                              D:/tp/STM32CubeIDE_1.11.2/STM32CubeIDE/plugins/com.st.stm32cube.ide.mcu.externaltools.gnu-tools-for-stm32.11.3.rel1.win32_1.1.0.202305231506/tools/bin/../lib/gcc/arm-none-eabi/11.3.1/../../../../arm-none-eabi/lib/thumb/v7e-m+fp/hard\libc_nano.a(libc_a-puts.o) (__swbuf_r)
D:/tp/STM32CubeIDE_1.11.2/STM32CubeIDE/plugins/com.st.stm32cube.ide.mcu.externaltools.gnu-tools-for-stm32.11.3.rel1.win32_1.1.0.202305231506/tools/bin/../lib/gcc/arm-none-eabi/11.3.1/../../../../arm-none-eabi/lib/thumb/v7e-m+fp/hard\libc_nano.a(libc_a-wsetup.o)
                              D:/tp/STM32CubeIDE_1.11.2/STM32CubeIDE/plugins/com.st.stm32cube.ide.mcu.externaltools.gnu-tools-for-stm32.11.3.rel1.win32_1.1.0.202305231506/tools/bin/../lib/gcc/arm-none-eabi/11.3.1/../../../../arm-none-eabi/lib/thumb/v7e-m+fp/hard\libc_nano.a(libc_a-puts.o) (__swsetup_r)
[...]
Memory Configuration

Name             Origin             Length             Attributes
RAM              0x0000000020000000 0x0000000000018000 xrw
SRAM2            0x0000000010000000 0x0000000000008000 xrw
ROM              0x0000000008000000 0x0000000000100000 xr
*default*        0x0000000000000000 0xffffffffffffffff

Linker script and memory map

LOAD D:/tp/STM32CubeIDE_1.11.2/STM32CubeIDE/plugins/com.st.stm32cube.ide.mcu.externaltools.gnu-tools-for-stm32.11.3.rel1.win32_1.1.0.202305231506/tools/bin/../lib/gcc/arm-none-eabi/11.3.1/thumb/v7e-m+fp/hard/crti.o
LOAD D:/tp/STM32CubeIDE_1.11.2/STM32CubeIDE/plugins/com.st.stm32cube.ide.mcu.externaltools.gnu-tools-for-stm32.11.3.rel1.win32_1.1.0.202305231506/tools/bin/../lib/gcc/arm-none-eabi/11.3.1/thumb/v7e-m+fp/hard/crtbegin.o
LOAD D:/tp/STM32CubeIDE_1.11.2/STM32CubeIDE/plugins/com.st.stm32cube.ide.mcu.externaltools.gnu-tools-for-stm32.11.3.rel1.win32_1.1.0.202305231506/tools/bin/../lib/gcc/arm-none-eabi/11.3.1/../../../../arm-none-eabi/lib/thumb/v7e-m+fp/hard/crt0.o
LOAD ./Application/Startup/startup_stm32l475vgtx.o
LOAD ./Application/User/main.o
LOAD ./Application/User/stm32l4xx_it.o
LOAD ./Application/User/syscalls.o
LOAD ./Application/User/sysmem.o
LOAD ./Application/WIFI/es_wifi.o
LOAD ./Application/WIFI/es_wifi_io.o
LOAD ./Application/WIFI/wifi.o
LOAD ./Drivers/BSP/hts221.o
LOAD ./Drivers/CMSIS/system_stm32l4xx.o
LOAD ./Drivers/STM32L4xx_HAL_Driver/stm32l475e_iot01.o
LOAD ./Drivers/STM32L4xx_HAL_Driver/stm32l475e_iot01_tsensor.o
LOAD ./Drivers/STM32L4xx_HAL_Driver/stm32l4xx_hal.o
LOAD ./Drivers/STM32L4xx_HAL_Driver/stm32l4xx_hal_adc.o
LOAD ./Drivers/STM32L4xx_HAL_Driver/stm32l4xx_hal_adc_ex.o
LOAD ./Drivers/STM32L4xx_HAL_Driver/stm32l4xx_hal_cortex.o
LOAD ./Drivers/STM32L4xx_HAL_Driver/stm32l4xx_hal_dma.o
LOAD ./Drivers/STM32L4xx_HAL_Driver/stm32l4xx_hal_gpio.o
LOAD ./Drivers/STM32L4xx_HAL_Driver/stm32l4xx_hal_i2c.o
LOAD ./Drivers/STM32L4xx_HAL_Driver/stm32l4xx_hal_i2c_ex.o
LOAD ./Drivers/STM32L4xx_HAL_Driver/stm32l4xx_hal_pwr.o
LOAD ./Drivers/STM32L4xx_HAL_Driver/stm32l4xx_hal_pwr_ex.o
LOAD ./Drivers/STM32L4xx_HAL_Driver/stm32l4xx_hal_rcc.o
LOAD ./Drivers/STM32L4xx_HAL_Driver/stm32l4xx_hal_rcc_ex.o
LOAD ./Drivers/STM32L4xx_HAL_Driver/stm32l4xx_hal_spi.o
LOAD ./Drivers/STM32L4xx_HAL_Driver/stm32l4xx_hal_spi_ex.o
LOAD ./Drivers/STM32L4xx_HAL_Driver/stm32l4xx_hal_uart.o
LOAD ./Drivers/STM32L4xx_HAL_Driver/stm32l4xx_hal_uart_ex.o
START GROUP
LOAD D:/tp/STM32CubeIDE_1.11.2/STM32CubeIDE/plugins/com.st.stm32cube.ide.mcu.externaltools.gnu-tools-for-stm32.11.3.rel1.win32_1.1.0.202305231506/tools/bin/../lib/gcc/arm-none-eabi/11.3.1/../../../../arm-none-eabi/lib/thumb/v7e-m+fp/hard\libc_nano.a
LOAD D:/tp/STM32CubeIDE_1.11.2/STM32CubeIDE/plugins/com.st.stm32cube.ide.mcu.externaltools.gnu-tools-for-stm32.11.3.rel1.win32_1.1.0.202305231506/tools/bin/../lib/gcc/arm-none-eabi/11.3.1/../../../../arm-none-eabi/lib/thumb/v7e-m+fp/hard\libm.a
END GROUP
START GROUP
LOAD D:/tp/STM32CubeIDE_1.11.2/STM32CubeIDE/plugins/com.st.stm32cube.ide.mcu.externaltools.gnu-tools-for-stm32.11.3.rel1.win32_1.1.0.202305231506/tools/bin/../lib/gcc/arm-none-eabi/11.3.1/thumb/v7e-m+fp/hard\libgcc.a
LOAD D:/tp/STM32CubeIDE_1.11.2/STM32CubeIDE/plugins/com.st.stm32cube.ide.mcu.externaltools.gnu-tools-for-stm32.11.3.rel1.win32_1.1.0.202305231506/tools/bin/../lib/gcc/arm-none-eabi/11.3.1/../../../../arm-none-eabi/lib/thumb/v7e-m+fp/hard\libc_nano.a
END GROUP
START GROUP
LOAD D:/tp/STM32CubeIDE_1.11.2/STM32CubeIDE/plugins/com.st.stm32cube.ide.mcu.externaltools.gnu-tools-for-stm32.11.3.rel1.win32_1.1.0.202305231506/tools/bin/../lib/gcc/arm-none-eabi/11.3.1/thumb/v7e-m+fp/hard\libgcc.a
LOAD D:/tp/STM32CubeIDE_1.11.2/STM32CubeIDE/plugins/com.st.stm32cube.ide.mcu.externaltools.gnu-tools-for-stm32.11.3.rel1.win32_1.1.0.202305231506/tools/bin/../lib/gcc/arm-none-eabi/11.3.1/../../../../arm-none-eabi/lib/thumb/v7e-m+fp/hard\libc_nano.a
LOAD D:/tp/STM32CubeIDE_1.11.2/STM32CubeIDE/plugins/com.st.stm32cube.ide.mcu.externaltools.gnu-tools-for-stm32.11.3.rel1.win32_1.1.0.202305231506/tools/bin/../lib/gcc/arm-none-eabi/11.3.1/../../../../arm-none-eabi/lib/thumb/v7e-m+fp/hard\libnosys.a
END GROUP
START GROUP
LOAD D:/tp/STM32CubeIDE_1.11.2/STM32CubeIDE/plugins/com.st.stm32cube.ide.mcu.externaltools.gnu-tools-for-stm32.11.3.rel1.win32_1.1.0.202305231506/tools/bin/../lib/gcc/arm-none-eabi/11.3.1/thumb/v7e-m+fp/hard\libgcc.a
LOAD D:/tp/STM32CubeIDE_1.11.2/STM32CubeIDE/plugins/com.st.stm32cube.ide.mcu.externaltools.gnu-tools-for-stm32.11.3.rel1.win32_1.1.0.202305231506/tools/bin/../lib/gcc/arm-none-eabi/11.3.1/../../../../arm-none-eabi/lib/thumb/v7e-m+fp/hard\libc_nano.a
LOAD D:/tp/STM32CubeIDE_1.11.2/STM32CubeIDE/plugins/com.st.stm32cube.ide.mcu.externaltools.gnu-tools-for-stm32.11.3.rel1.win32_1.1.0.202305231506/tools/bin/../lib/gcc/arm-none-eabi/11.3.1/../../../../arm-none-eabi/lib/thumb/v7e-m+fp/hard\libnosys.a
END GROUP
LOAD D:/tp/STM32CubeIDE_1.11.2/STM32CubeIDE/plugins/com.st.stm32cube.ide.mcu.externaltools.gnu-tools-for-stm32.11.3.rel1.win32_1.1.0.202305231506/tools/bin/../lib/gcc/arm-none-eabi/11.3.1/thumb/v7e-m+fp/hard/crtend.o
LOAD D:/tp/STM32CubeIDE_1.11.2/STM32CubeIDE/plugins/com.st.stm32cube.ide.mcu.externaltools.gnu-tools-for-stm32.11.3.rel1.win32_1.1.0.202305231506/tools/bin/../lib/gcc/arm-none-eabi/11.3.1/thumb/v7e-m+fp/hard/crtn.o
                0x0000000020018000                _estack = (ORIGIN (RAM) + LENGTH (RAM))
                0x0000000000010000                _Min_Heap_Size = 0x10000
                0x0000000000006800                _Min_Stack_Size = 0x6800

.isr_vector     0x0000000008000000      0x188
                0x0000000008000000                . = ALIGN (0x4)
 *(.isr_vector)
 .isr_vector    0x0000000008000000      0x188 ./Application/Startup/startup_stm32l475vgtx.o
                0x0000000008000000                g_pfnVectors
                0x0000000008000188                . = ALIGN (0x4)

.text           0x0000000008000190     0x9170
                0x0000000008000190                . = ALIGN (0x4)
 *(.text)
 .text          0x0000000008000190       0x40 D:/tp/STM32CubeIDE_1.11.2/STM32CubeIDE/plugins/com.st.stm32cube.ide.mcu.externaltools.gnu-tools-for-stm32.11.3.rel1.win32_1.1.0.202305231506/tools/bin/../lib/gcc/arm-none-eabi/11.3.1/thumb/v7e-m+fp/hard/crtbegin.o
 .text          0x00000000080001d0       0x10 D:/tp/STM32CubeIDE_1.11.2/STM32CubeIDE/plugins/com.st.stm32cube.ide.mcu.externaltools.gnu-tools-for-stm32.11.3.rel1.win32_1.1.0.202305231506/tools/bin/../lib/gcc/arm-none-eabi/11.3.1/../../../../arm-none-eabi/lib/thumb/v7e-m+fp/hard\libc_nano.a(libc_a-strlen.o)
                0x00000000080001d0                strlen
 .text          0x00000000080001e0       0xa0 D:/tp/STM32CubeIDE_1.11.2/STM32CubeIDE/plugins/com.st.stm32cube.ide.mcu.externaltools.gnu-tools-for-stm32.11.3.rel1.win32_1.1.0.202305231506/tools/bin/../lib/gcc/arm-none-eabi/11.3.1/../../../../arm-none-eabi/lib/thumb/v7e-m+fp/hard\libc_nano.a(libc_a-memchr.o)
                0x00000000080001e0                memchr
 .text          0x0000000008000280       0x30 D:/tp/STM32CubeIDE_1.11.2/STM32CubeIDE/plugins/com.st.stm32cube.ide.mcu.externaltools.gnu-tools-for-stm32.11.3.rel1.win32_1.1.0.202305231506/tools/bin/../lib/gcc/arm-none-eabi/11.3.1/thumb/v7e-m+fp/hard\libgcc.a(_aeabi_uldivmod.o)
                0x0000000008000280                __aeabi_uldivmod
 .text          0x00000000080002b0      0x2c8 D:/tp/STM32CubeIDE_1.11.2/STM32CubeIDE/plugins/com.st.stm32cube.ide.mcu.externaltools.gnu-tools-for-stm32.11.3.rel1.win32_1.1.0.202305231506/tools/bin/../lib/gcc/arm-none-eabi/11.3.1/thumb/v7e-m+fp/hard\libgcc.a(_udivmoddi4.o)
                0x00000000080002b0                __udivmoddi4
 .text          0x0000000008000578        0x4 D:/tp/STM32CubeIDE_1.11.2/STM32CubeIDE/plugins/com.st.stm32cube.ide.mcu.externaltools.gnu-tools-for-stm32.11.3.rel1.win32_1.1.0.202305231506/tools/bin/../lib/gcc/arm-none-eabi/11.3.1/thumb/v7e-m+fp/hard\libgcc.a(_dvmd_tls.o)
                0x0000000008000578                __aeabi_idiv0
                0x0000000008000578                __aeabi_ldiv0
 *(.text*)
 .text.Reset_Handler
                0x000000000800057c       0x50 ./Application/Startup/startup_stm32l475vgtx.o
                0x000000000800057c                Reset_Handler
 .text.Default_Handler
                0x00000000080005cc        0x2 ./Application/Startup/startup_stm32l475vgtx.o
                0x00000000080005cc                RTC_Alarm_IRQHandler
                0x00000000080005cc                EXTI2_IRQHandler
                0x00000000080005cc                TIM8_TRG_COM_IRQHandler
                0x00000000080005cc                TIM8_CC_IRQHandler
                0x00000000080005cc                TIM1_CC_IRQHandler
                0x00000000080005cc                TSC_IRQHandler
                0x00000000080005cc                TAMP_STAMP_IRQHandler
                0x00000000080005cc                EXTI3_IRQHandler
                0x00000000080005cc                LPTIM2_IRQHandler
                0x00000000080005cc                DFSDM1_FLT1_IRQHandler
                0x00000000080005cc                I2C3_ER_IRQHandler
                0x00000000080005cc                DFSDM1_FLT2_IRQHandler
                0x00000000080005cc                EXTI0_IRQHandler
                0x00000000080005cc                I2C2_EV_IRQHandler
                0x00000000080005cc                CAN1_RX0_IRQHandler
                0x00000000080005cc                FPU_IRQHandler
                0x00000000080005cc                TIM1_UP_TIM16_IRQHandler
                0x00000000080005cc                ADC1_2_IRQHandler
                0x00000000080005cc                SPI1_IRQHandler
                0x00000000080005cc                TIM6_DAC_IRQHandler
                0x00000000080005cc                TIM8_UP_IRQHandler
                0x00000000080005cc                DMA2_Channel2_IRQHandler
                0x00000000080005cc                DMA1_Channel4_IRQHandler
                0x00000000080005cc                SAI2_IRQHandler
                0x00000000080005cc                DFSDM1_FLT3_IRQHandler
                0x00000000080005cc                USART3_IRQHandler
                0x00000000080005cc                DMA1_Channel7_IRQHandler
                0x00000000080005cc                CAN1_RX1_IRQHandler
                0x00000000080005cc                UART5_IRQHandler
                0x00000000080005cc                ADC3_IRQHandler
                0x00000000080005cc                TIM4_IRQHandler
                0x00000000080005cc                DMA2_Channel1_IRQHandler
                0x00000000080005cc                QUADSPI_IRQHandler
                0x00000000080005cc                I2C1_EV_IRQHandler
                0x00000000080005cc                DMA1_Channel6_IRQHandler
                0x00000000080005cc                UART4_IRQHandler
                0x00000000080005cc                DMA2_Channel4_IRQHandler
                0x00000000080005cc                TIM3_IRQHandler
                0x00000000080005cc                RCC_IRQHandler
                0x00000000080005cc                DMA1_Channel1_IRQHandler
                0x00000000080005cc                Default_Handler
                0x00000000080005cc                DMA2_Channel7_IRQHandler
                0x00000000080005cc                EXTI15_10_IRQHandler
                0x00000000080005cc                TIM7_IRQHandler
                0x00000000080005cc                SDMMC1_IRQHandler
                0x00000000080005cc                TIM5_IRQHandler
                0x00000000080005cc                I2C3_EV_IRQHandler
                0x00000000080005cc                EXTI9_5_IRQHandler
                0x00000000080005cc                RTC_WKUP_IRQHandler
                0x00000000080005cc                PVD_PVM_IRQHandler
                0x00000000080005cc                SPI2_IRQHandler
                0x00000000080005cc                CAN1_TX_IRQHandler
                0x00000000080005cc                DMA2_Channel5_IRQHandler
                0x00000000080005cc                DMA1_Channel5_IRQHandler
                0x00000000080005cc                EXTI4_IRQHandler
                0x00000000080005cc                RNG_IRQHandler
                0x00000000080005cc                TIM1_TRG_COM_TIM17_IRQHandler
                0x00000000080005cc                DMA1_Channel3_IRQHandler
                0x00000000080005cc                COMP_IRQHandler
                0x00000000080005cc                WWDG_IRQHandler
                0x00000000080005cc                LPUART1_IRQHandler
                0x00000000080005cc                DMA2_Channel6_IRQHandler
                0x00000000080005cc                TIM2_IRQHandler
                0x00000000080005cc                USART2_IRQHandler
                0x00000000080005cc                DFSDM1_FLT0_IRQHandler
                0x00000000080005cc                I2C2_ER_IRQHandler
                0x00000000080005cc                DMA1_Channel2_IRQHandler
                0x00000000080005cc                TIM8_BRK_IRQHandler
                0x00000000080005cc                CAN1_SCE_IRQHandler
                0x00000000080005cc                FLASH_IRQHandler
                0x00000000080005cc                USART1_IRQHandler
                0x00000000080005cc                OTG_FS_IRQHandler
                0x00000000080005cc                I2C1_ER_IRQHandler
                0x00000000080005cc                FMC_IRQHandler
                0x00000000080005cc                SWPMI1_IRQHandler
                0x00000000080005cc                LPTIM1_IRQHandler
                0x00000000080005cc                SAI1_IRQHandler
                0x00000000080005cc                DMA2_Channel3_IRQHandler
                0x00000000080005cc                TIM1_BRK_TIM15_IRQHandler
 *fill*         0x00000000080005ce        0x2 
 .text.main     0x00000000080005d0       0x78 ./Application/User/main.o
                0x00000000080005d0                main
 .text.wifi_start
                0x0000000008000648       0x74 ./Application/User/main.o
 .text.wifi_connect
                0x00000000080006bc       0x90 ./Application/User/main.o
 .text.wifi_server
                0x000000000800074c      0x12c ./Application/User/main.o
 .text.WebServerProcess
                0x0000000008000878      0x1ac ./Application/User/main.o
 .text.SendWebPage
                0x0000000008000a24      0x418 ./Application/User/main.o
 .text.SystemClock_Config
                0x0000000008000e3c       0x72 ./Application/User/main.o
 *fill*         0x0000000008000eae        0x2 
 .text.__io_putchar
                0x0000000008000eb0       0x24 ./Application/User/main.o
                0x0000000008000eb0                __io_putchar
 .text.HAL_GPIO_EXTI_Callback
                0x0000000008000ed4       0x20 ./Application/User/main.o
                0x0000000008000ed4                HAL_GPIO_EXTI_Callback
 .text.SPI3_IRQHandler
                0x0000000008000ef4       0x14 ./Application/User/main.o
                0x0000000008000ef4                SPI3_IRQHandler
 .text.NMI_Handler
                0x0000000008000f08        0xe ./Application/User/stm32l4xx_it.o
                0x0000000008000f08                NMI_Handler
 .text.HardFault_Handler
                0x0000000008000f16        0x6 ./Application/User/stm32l4xx_it.o
                0x0000000008000f16                HardFault_Handler
 .text.MemManage_Handler
                0x0000000008000f1c        0x6 ./Application/User/stm32l4xx_it.o
                0x0000000008000f1c                MemManage_Handler
 .text.BusFault_Handler
                0x0000000008000f22        0x6 ./Application/User/stm32l4xx_it.o
                0x0000000008000f22                BusFault_Handler
 .text.UsageFault_Handler
                0x0000000008000f28        0x6 ./Application/User/stm32l4xx_it.o
                0x0000000008000f28                UsageFault_Handler
 .text.SVC_Handler
                0x0000000008000f2e        0xe ./Application/User/stm32l4xx_it.o
                0x0000000008000f2e                SVC_Handler
 .text.DebugMon_Handler
                0x0000000008000f3c        0xe ./Application/User/stm32l4xx_it.o
                0x0000000008000f3c                DebugMon_Handler
 .text.PendSV_Handler
                0x0000000008000f4a        0xe ./Application/User/stm32l4xx_it.o
                0x0000000008000f4a                PendSV_Handler
 .text.SysTick_Handler
                0x0000000008000f58        0xc ./Application/User/stm32l4xx_it.o
                0x0000000008000f58                SysTick_Handler
 .text.EXTI1_IRQHandler
                0x0000000008000f64        0xe ./Application/User/stm32l4xx_it.o
                0x0000000008000f64                EXTI1_IRQHandler
 .text._getpid  0x0000000008000f72       0x10 ./Application/User/syscalls.o
                0x0000000008000f72                _getpid
 .text._kill    0x0000000008000f82       0x20 ./Application/User/syscalls.o
                0x0000000008000f82                _kill
 .text._exit    0x0000000008000fa2       0x14 ./Application/User/syscalls.o
                0x0000000008000fa2                _exit
 .text._read    0x0000000008000fb6       0x3a ./Application/User/syscalls.o
                0x0000000008000fb6                _read
 .text._write   0x0000000008000ff0       0x38 ./Application/User/syscalls.o
                0x0000000008000ff0                _write
 .text._close   0x0000000008001028       0x18 ./Application/User/syscalls.o
                0x0000000008001028                _close
 .text._fstat   0x0000000008001040       0x20 ./Application/User/syscalls.o
                0x0000000008001040                _fstat
 .text._isatty  0x0000000008001060       0x16 ./Application/User/syscalls.o
                0x0000000008001060                _isatty
 .text._lseek   0x0000000008001076       0x1a ./Application/User/syscalls.o
                0x0000000008001076                _lseek
 .text._sbrk    0x0000000008001090       0x6c ./Application/User/sysmem.o
                0x0000000008001090                _sbrk
 .text.Hex2Num  0x00000000080010fc       0x54 ./Application/WIFI/es_wifi.o
 .text.ParseHexNumber
                0x0000000008001150       0x86 ./Application/WIFI/es_wifi.o
 .text.ParseNumber
                0x00000000080011d6       0x88 ./Application/WIFI/es_wifi.o
 .text.ParseMAC
                0x000000000800125e       0x6e ./Application/WIFI/es_wifi.o
 .text.ParseIP  0x00000000080012cc       0x6e ./Application/WIFI/es_wifi.o
 *fill*         0x000000000800133a        0x2 
 .text.AT_ParseInfo
                0x000000000800133c      0x11c ./Application/WIFI/es_wifi.o
 .text.AT_ParseConnSettings
                0x0000000008001458      0x17c ./Application/WIFI/es_wifi.o
 .text.AT_ExecuteCommand
                0x00000000080015d4       0xe0 ./Application/WIFI/es_wifi.o
 .text.AT_RequestSendData
                0x00000000080016b4      0x100 ./Application/WIFI/es_wifi.o
 .text.AT_RequestReceiveData
                0x00000000080017b4      0x144 ./Application/WIFI/es_wifi.o
 .text.ES_WIFI_Init
                0x00000000080018f8       0x68 ./Application/WIFI/es_wifi.o
                0x00000000080018f8                ES_WIFI_Init
 .text.ES_WIFI_RegisterBusIO
                0x0000000008001960       0x66 ./Application/WIFI/es_wifi.o
                0x0000000008001960                ES_WIFI_RegisterBusIO
 *fill*         0x00000000080019c6        0x2 
 .text.ES_WIFI_Connect
                0x00000000080019c8       0xf0 ./Application/WIFI/es_wifi.o
                0x00000000080019c8                ES_WIFI_Connect
 .text.ES_WIFI_IsConnected
                0x0000000008001ab8       0x60 ./Application/WIFI/es_wifi.o
                0x0000000008001ab8                ES_WIFI_IsConnected
 .text.ES_WIFI_GetNetworkSettings
                0x0000000008001b18       0x54 ./Application/WIFI/es_wifi.o
                0x0000000008001b18                ES_WIFI_GetNetworkSettings
 .text.ES_WIFI_GetMACAddress
                0x0000000008001b6c       0x6c ./Application/WIFI/es_wifi.o
                0x0000000008001b6c                ES_WIFI_GetMACAddress
 .text.ES_WIFI_StartServerSingleConn
                0x0000000008001bd8      0x158 ./Application/WIFI/es_wifi.o
                0x0000000008001bd8                ES_WIFI_StartServerSingleConn
 .text.ES_WIFI_WaitServerConnection
                0x0000000008001d30      0x248 ./Application/WIFI/es_wifi.o
                0x0000000008001d30                ES_WIFI_WaitServerConnection
 .text.ES_WIFI_CloseServerConnection
                0x0000000008001f78       0xc0 ./Application/WIFI/es_wifi.o
                0x0000000008001f78                ES_WIFI_CloseServerConnection
 .text.ES_WIFI_StopServerSingleConn
                0x0000000008002038       0xc4 ./Application/WIFI/es_wifi.o
                0x0000000008002038                ES_WIFI_StopServerSingleConn
 .text.ES_WIFI_SendData
                0x00000000080020fc      0x178 ./Application/WIFI/es_wifi.o
                0x00000000080020fc                ES_WIFI_SendData
 .text.ES_WIFI_ReceiveData
                0x0000000008002274      0x180 ./Application/WIFI/es_wifi.o
                0x0000000008002274                ES_WIFI_ReceiveData
 .text.SPI_WIFI_MspInit
                0x00000000080023f4      0x178 ./Application/WIFI/es_wifi_io.o
                0x00000000080023f4                SPI_WIFI_MspInit
 .text.SPI_WIFI_Init
                0x000000000800256c       0xbc ./Application/WIFI/es_wifi_io.o
                0x000000000800256c                SPI_WIFI_Init
 .text.SPI_WIFI_ResetModule
                0x0000000008002628       0xe0 ./Application/WIFI/es_wifi_io.o
                0x0000000008002628                SPI_WIFI_ResetModule
 .text.SPI_WIFI_DeInit
                0x0000000008002708       0x14 ./Application/WIFI/es_wifi_io.o
                0x0000000008002708                SPI_WIFI_DeInit
 .text.wait_cmddata_rdy_high
                0x000000000800271c       0x44 ./Application/WIFI/es_wifi_io.o
 .text.wait_cmddata_rdy_rising_event
                0x0000000008002760       0x40 ./Application/WIFI/es_wifi_io.o
 .text.wait_spi_rx_event
                0x00000000080027a0       0x40 ./Application/WIFI/es_wifi_io.o
 .text.wait_spi_tx_event
                0x00000000080027e0       0x40 ./Application/WIFI/es_wifi_io.o
 .text.SPI_WIFI_ReceiveData
                0x0000000008002820       0xf4 ./Application/WIFI/es_wifi_io.o
                0x0000000008002820                SPI_WIFI_ReceiveData
 .text.SPI_WIFI_SendData
                0x0000000008002914       0xdc ./Application/WIFI/es_wifi_io.o
                0x0000000008002914                SPI_WIFI_SendData
 .text.SPI_WIFI_Delay
                0x00000000080029f0       0x16 ./Application/WIFI/es_wifi_io.o
                0x00000000080029f0                SPI_WIFI_Delay
 *fill*         0x0000000008002a06        0x2 
 .text.SPI_WIFI_DelayUs
                0x0000000008002a08       0xa4 ./Application/WIFI/es_wifi_io.o
 .text.HAL_SPI_RxCpltCallback
                0x0000000008002aac       0x28 ./Application/WIFI/es_wifi_io.o
                0x0000000008002aac                HAL_SPI_RxCpltCallback
 .text.HAL_SPI_TxCpltCallback
                0x0000000008002ad4       0x28 ./Application/WIFI/es_wifi_io.o
                0x0000000008002ad4                HAL_SPI_TxCpltCallback
 .text.SPI_WIFI_ISR
                0x0000000008002afc       0x20 ./Application/WIFI/es_wifi_io.o
                0x0000000008002afc                SPI_WIFI_ISR
 .text.WIFI_Init
                0x0000000008002b1c       0x58 ./Application/WIFI/wifi.o
                0x0000000008002b1c                WIFI_Init
 .text.WIFI_Connect
                0x0000000008002b74       0x44 ./Application/WIFI/wifi.o
                0x0000000008002b74                WIFI_Connect
 .text.WIFI_GetMAC_Address
                0x0000000008002bb8       0x40 ./Application/WIFI/wifi.o
                0x0000000008002bb8                WIFI_GetMAC_Address
 .text.WIFI_GetIP_Address
                0x0000000008002bf8       0x48 ./Application/WIFI/wifi.o
                0x0000000008002bf8                WIFI_GetIP_Address
 .text.WIFI_StartServer
                0x0000000008002c40       0x60 ./Application/WIFI/wifi.o
                0x0000000008002c40                WIFI_StartServer
 .text.WIFI_WaitServerConnection
                0x0000000008002ca0       0x94 ./Application/WIFI/wifi.o
                0x0000000008002ca0                WIFI_WaitServerConnection
 .text.WIFI_CloseServerConnection
                0x0000000008002d34       0x30 ./Application/WIFI/wifi.o
                0x0000000008002d34                WIFI_CloseServerConnection
 .text.WIFI_StopServer
                0x0000000008002d64       0x30 ./Application/WIFI/wifi.o
                0x0000000008002d64                WIFI_StopServer
 .text.WIFI_SendData
                0x0000000008002d94       0x44 ./Application/WIFI/wifi.o
                0x0000000008002d94                WIFI_SendData
 .text.WIFI_ReceiveData
                0x0000000008002dd8       0x44 ./Application/WIFI/wifi.o
                0x0000000008002dd8                WIFI_ReceiveData
 .text.HTS221_T_Init
                0x0000000008002e1c       0x5a ./Drivers/BSP/hts221.o
                0x0000000008002e1c                HTS221_T_Init
 .text.HTS221_T_ReadTemp
                0x0000000008002e76      0x10e ./Drivers/BSP/hts221.o
                0x0000000008002e76                HTS221_T_ReadTemp
 .text.SystemInit
                0x0000000008002f84       0x6c ./Drivers/CMSIS/system_stm32l4xx.o
                0x0000000008002f84                SystemInit
 .text.BSP_LED_Init
                0x0000000008002ff0       0x60 ./Drivers/STM32L4xx_HAL_Driver/stm32l475e_iot01.o
                0x0000000008002ff0                BSP_LED_Init
 .text.BSP_LED_On
                0x0000000008003050       0x2c ./Drivers/STM32L4xx_HAL_Driver/stm32l475e_iot01.o
                0x0000000008003050                BSP_LED_On
 .text.BSP_LED_Off
                0x000000000800307c       0x2c ./Drivers/STM32L4xx_HAL_Driver/stm32l475e_iot01.o
                0x000000000800307c                BSP_LED_Off
 .text.BSP_COM_Init
                0x00000000080030a8       0xd8 ./Drivers/STM32L4xx_HAL_Driver/stm32l475e_iot01.o
                0x00000000080030a8                BSP_COM_Init
 .text.I2Cx_MspInit
                0x0000000008003180       0xb0 ./Drivers/STM32L4xx_HAL_Driver/stm32l475e_iot01.o
 .text.I2Cx_Init
                0x0000000008003230       0x5c ./Drivers/STM32L4xx_HAL_Driver/stm32l475e_iot01.o
 .text.I2Cx_ReadMultiple
                0x000000000800328c       0x5a ./Drivers/STM32L4xx_HAL_Driver/stm32l475e_iot01.o
 .text.I2Cx_WriteMultiple
                0x00000000080032e6       0x5a ./Drivers/STM32L4xx_HAL_Driver/stm32l475e_iot01.o
 .text.I2Cx_Error
                0x0000000008003340       0x20 ./Drivers/STM32L4xx_HAL_Driver/stm32l475e_iot01.o
 .text.SENSOR_IO_Init
                0x0000000008003360       0x14 ./Drivers/STM32L4xx_HAL_Driver/stm32l475e_iot01.o
                0x0000000008003360                SENSOR_IO_Init
 .text.SENSOR_IO_Write
                0x0000000008003374       0x34 ./Drivers/STM32L4xx_HAL_Driver/stm32l475e_iot01.o
                0x0000000008003374                SENSOR_IO_Write
 .text.SENSOR_IO_Read
                0x00000000080033a8       0x3c ./Drivers/STM32L4xx_HAL_Driver/stm32l475e_iot01.o
                0x00000000080033a8                SENSOR_IO_Read
 .text.SENSOR_IO_ReadMultiple
                0x00000000080033e4       0x3c ./Drivers/STM32L4xx_HAL_Driver/stm32l475e_iot01.o
                0x00000000080033e4                SENSOR_IO_ReadMultiple
 .text.BSP_TSENSOR_Init
                0x0000000008003420       0x38 ./Drivers/STM32L4xx_HAL_Driver/stm32l475e_iot01_tsensor.o
                0x0000000008003420                BSP_TSENSOR_Init
 .text.BSP_TSENSOR_ReadTemp
                0x0000000008003458       0x1c ./Drivers/STM32L4xx_HAL_Driver/stm32l475e_iot01_tsensor.o
                0x0000000008003458                BSP_TSENSOR_ReadTemp
 .text.HAL_Init
                0x0000000008003474       0x30 ./Drivers/STM32L4xx_HAL_Driver/stm32l4xx_hal.o
                0x0000000008003474                HAL_Init
 .text.HAL_MspInit
                0x00000000080034a4        0xe ./Drivers/STM32L4xx_HAL_Driver/stm32l4xx_hal.o
                0x00000000080034a4                HAL_MspInit
 *fill*         0x00000000080034b2        0x2 
 .text.HAL_InitTick
                0x00000000080034b4       0x78 ./Drivers/STM32L4xx_HAL_Driver/stm32l4xx_hal.o
                0x00000000080034b4                HAL_InitTick
 .text.HAL_IncTick
                0x000000000800352c       0x28 ./Drivers/STM32L4xx_HAL_Driver/stm32l4xx_hal.o
                0x000000000800352c                HAL_IncTick
 .text.HAL_GetTick
                0x0000000008003554       0x18 ./Drivers/STM32L4xx_HAL_Driver/stm32l4xx_hal.o
                0x0000000008003554                HAL_GetTick
 .text.HAL_Delay
                0x000000000800356c       0x48 ./Drivers/STM32L4xx_HAL_Driver/stm32l4xx_hal.o
                0x000000000800356c                HAL_Delay
 .text.__NVIC_SetPriorityGrouping
                0x00000000080035b4       0x48 ./Drivers/STM32L4xx_HAL_Driver/stm32l4xx_hal_cortex.o
 .text.__NVIC_GetPriorityGrouping
                0x00000000080035fc       0x1c ./Drivers/STM32L4xx_HAL_Driver/stm32l4xx_hal_cortex.o
 .text.__NVIC_EnableIRQ
                0x0000000008003618       0x3c ./Drivers/STM32L4xx_HAL_Driver/stm32l4xx_hal_cortex.o
 .text.__NVIC_SetPriority
                0x0000000008003654       0x54 ./Drivers/STM32L4xx_HAL_Driver/stm32l4xx_hal_cortex.o
 .text.NVIC_EncodePriority
                0x00000000080036a8       0x66 ./Drivers/STM32L4xx_HAL_Driver/stm32l4xx_hal_cortex.o
 *fill*         0x000000000800370e        0x2 
 .text.SysTick_Config
                0x0000000008003710       0x44 ./Drivers/STM32L4xx_HAL_Driver/stm32l4xx_hal_cortex.o
 .text.HAL_NVIC_SetPriorityGrouping
                0x0000000008003754       0x16 ./Drivers/STM32L4xx_HAL_Driver/stm32l4xx_hal_cortex.o
                0x0000000008003754                HAL_NVIC_SetPriorityGrouping
 .text.HAL_NVIC_SetPriority
                0x000000000800376a       0x38 ./Drivers/STM32L4xx_HAL_Driver/stm32l4xx_hal_cortex.o
                0x000000000800376a                HAL_NVIC_SetPriority
 .text.HAL_NVIC_EnableIRQ
                0x00000000080037a2       0x1c ./Drivers/STM32L4xx_HAL_Driver/stm32l4xx_hal_cortex.o
                0x00000000080037a2                HAL_NVIC_EnableIRQ
 .text.HAL_SYSTICK_Config
                0x00000000080037be       0x18 ./Drivers/STM32L4xx_HAL_Driver/stm32l4xx_hal_cortex.o
                0x00000000080037be                HAL_SYSTICK_Config
 .text.HAL_DMA_Abort_IT
                0x00000000080037d6       0x82 ./Drivers/STM32L4xx_HAL_Driver/stm32l4xx_hal_dma.o
                0x00000000080037d6                HAL_DMA_Abort_IT
 .text.HAL_GPIO_Init
                0x0000000008003858      0x354 ./Drivers/STM32L4xx_HAL_Driver/stm32l4xx_hal_gpio.o
                0x0000000008003858                HAL_GPIO_Init
 .text.HAL_GPIO_ReadPin
                0x0000000008003bac       0x30 ./Drivers/STM32L4xx_HAL_Driver/stm32l4xx_hal_gpio.o
                0x0000000008003bac                HAL_GPIO_ReadPin
 .text.HAL_GPIO_WritePin
                0x0000000008003bdc       0x30 ./Drivers/STM32L4xx_HAL_Driver/stm32l4xx_hal_gpio.o
                0x0000000008003bdc                HAL_GPIO_WritePin
 .text.HAL_GPIO_EXTI_IRQHandler
                0x0000000008003c0c       0x30 ./Drivers/STM32L4xx_HAL_Driver/stm32l4xx_hal_gpio.o
                0x0000000008003c0c                HAL_GPIO_EXTI_IRQHandler
 .text.HAL_I2C_Init
                0x0000000008003c3c      0x136 ./Drivers/STM32L4xx_HAL_Driver/stm32l4xx_hal_i2c.o
                0x0000000008003c3c                HAL_I2C_Init
 .text.HAL_I2C_DeInit
                0x0000000008003d72       0x5e ./Drivers/STM32L4xx_HAL_Driver/stm32l4xx_hal_i2c.o
                0x0000000008003d72                HAL_I2C_DeInit
 .text.HAL_I2C_MspInit
                0x0000000008003dd0       0x14 ./Drivers/STM32L4xx_HAL_Driver/stm32l4xx_hal_i2c.o
                0x0000000008003dd0                HAL_I2C_MspInit
 .text.HAL_I2C_MspDeInit
                0x0000000008003de4       0x14 ./Drivers/STM32L4xx_HAL_Driver/stm32l4xx_hal_i2c.o
                0x0000000008003de4                HAL_I2C_MspDeInit
 .text.HAL_I2C_Mem_Write
                0x0000000008003df8      0x228 ./Drivers/STM32L4xx_HAL_Driver/stm32l4xx_hal_i2c.o
                0x0000000008003df8                HAL_I2C_Mem_Write
 .text.HAL_I2C_Mem_Read
                0x0000000008004020      0x234 ./Drivers/STM32L4xx_HAL_Driver/stm32l4xx_hal_i2c.o
                0x0000000008004020                HAL_I2C_Mem_Read
 .text.I2C_RequestMemoryWrite
                0x0000000008004254       0xa8 ./Drivers/STM32L4xx_HAL_Driver/stm32l4xx_hal_i2c.o
 .text.I2C_RequestMemoryRead
                0x00000000080042fc       0xa8 ./Drivers/STM32L4xx_HAL_Driver/stm32l4xx_hal_i2c.o
 .text.I2C_Flush_TXDR
                0x00000000080043a4       0x48 ./Drivers/STM32L4xx_HAL_Driver/stm32l4xx_hal_i2c.o
 .text.I2C_WaitOnFlagUntilTimeout
                0x00000000080043ec       0x9e ./Drivers/STM32L4xx_HAL_Driver/stm32l4xx_hal_i2c.o
 .text.I2C_WaitOnTXISFlagUntilTimeout
                0x000000000800448a       0x8e ./Drivers/STM32L4xx_HAL_Driver/stm32l4xx_hal_i2c.o
 .text.I2C_WaitOnSTOPFlagUntilTimeout
                0x0000000008004518       0x86 ./Drivers/STM32L4xx_HAL_Driver/stm32l4xx_hal_i2c.o
 *fill*         0x000000000800459e        0x2 
 .text.I2C_IsErrorOccurred
                0x00000000080045a0      0x1c0 ./Drivers/STM32L4xx_HAL_Driver/stm32l4xx_hal_i2c.o
 .text.I2C_TransferConfig
                0x0000000008004760       0x64 ./Drivers/STM32L4xx_HAL_Driver/stm32l4xx_hal_i2c.o
 .text.HAL_I2CEx_ConfigAnalogFilter
                0x00000000080047c4       0x96 ./Drivers/STM32L4xx_HAL_Driver/stm32l4xx_hal_i2c_ex.o
                0x00000000080047c4                HAL_I2CEx_ConfigAnalogFilter
 *fill*         0x000000000800485a        0x2 
 .text.HAL_PWREx_GetVoltageRange
                0x000000000800485c       0x1c ./Drivers/STM32L4xx_HAL_Driver/stm32l4xx_hal_pwr_ex.o
                0x000000000800485c                HAL_PWREx_GetVoltageRange
 .text.HAL_RCC_OscConfig
                0x0000000008004878      0x7b8 ./Drivers/STM32L4xx_HAL_Driver/stm32l4xx_hal_rcc.o
                0x0000000008004878                HAL_RCC_OscConfig
 .text.HAL_RCC_ClockConfig
                0x0000000008005030      0x200 ./Drivers/STM32L4xx_HAL_Driver/stm32l4xx_hal_rcc.o
                0x0000000008005030                HAL_RCC_ClockConfig
 .text.HAL_RCC_GetSysClockFreq
                0x0000000008005230      0x118 ./Drivers/STM32L4xx_HAL_Driver/stm32l4xx_hal_rcc.o
                0x0000000008005230                HAL_RCC_GetSysClockFreq
 .text.HAL_RCC_GetHCLKFreq
                0x0000000008005348       0x18 ./Drivers/STM32L4xx_HAL_Driver/stm32l4xx_hal_rcc.o
                0x0000000008005348                HAL_RCC_GetHCLKFreq
 .text.HAL_RCC_GetPCLK1Freq
                0x0000000008005360       0x2c ./Drivers/STM32L4xx_HAL_Driver/stm32l4xx_hal_rcc.o
                0x0000000008005360                HAL_RCC_GetPCLK1Freq
 .text.HAL_RCC_GetPCLK2Freq
                0x000000000800538c       0x2c ./Drivers/STM32L4xx_HAL_Driver/stm32l4xx_hal_rcc.o
                0x000000000800538c                HAL_RCC_GetPCLK2Freq
 .text.RCC_SetFlashLatencyFromMSIRange
                0x00000000080053b8       0xc0 ./Drivers/STM32L4xx_HAL_Driver/stm32l4xx_hal_rcc.o
 .text.HAL_SPI_Init
                0x0000000008005478      0x198 ./Drivers/STM32L4xx_HAL_Driver/stm32l4xx_hal_spi.o
                0x0000000008005478                HAL_SPI_Init
 .text.HAL_SPI_DeInit
                0x0000000008005610       0x50 ./Drivers/STM32L4xx_HAL_Driver/stm32l4xx_hal_spi.o
                0x0000000008005610                HAL_SPI_DeInit
 .text.HAL_SPI_MspInit
                0x0000000008005660       0x14 ./Drivers/STM32L4xx_HAL_Driver/stm32l4xx_hal_spi.o
                0x0000000008005660                HAL_SPI_MspInit
 .text.HAL_SPI_MspDeInit
                0x0000000008005674       0x14 ./Drivers/STM32L4xx_HAL_Driver/stm32l4xx_hal_spi.o
                0x0000000008005674                HAL_SPI_MspDeInit
 .text.HAL_SPI_Receive
                0x0000000008005688      0x3e0 ./Drivers/STM32L4xx_HAL_Driver/stm32l4xx_hal_spi.o
                0x0000000008005688                HAL_SPI_Receive
 .text.HAL_SPI_TransmitReceive
                0x0000000008005a68      0x67c ./Drivers/STM32L4xx_HAL_Driver/stm32l4xx_hal_spi.o
                0x0000000008005a68                HAL_SPI_TransmitReceive
 .text.HAL_SPI_Transmit_IT
                0x00000000080060e4      0x140 ./Drivers/STM32L4xx_HAL_Driver/stm32l4xx_hal_spi.o
                0x00000000080060e4                HAL_SPI_Transmit_IT
 .text.HAL_SPI_Receive_IT
                0x0000000008006224      0x1ac ./Drivers/STM32L4xx_HAL_Driver/stm32l4xx_hal_spi.o
                0x0000000008006224                HAL_SPI_Receive_IT
 .text.HAL_SPI_TransmitReceive_IT
                0x00000000080063d0      0x1ac ./Drivers/STM32L4xx_HAL_Driver/stm32l4xx_hal_spi.o
                0x00000000080063d0                HAL_SPI_TransmitReceive_IT
 .text.HAL_SPI_IRQHandler
                0x000000000800657c      0x1e8 ./Drivers/STM32L4xx_HAL_Driver/stm32l4xx_hal_spi.o
                0x000000000800657c                HAL_SPI_IRQHandler
 .text.HAL_SPI_TxRxCpltCallback
                0x0000000008006764       0x14 ./Drivers/STM32L4xx_HAL_Driver/stm32l4xx_hal_spi.o
                0x0000000008006764                HAL_SPI_TxRxCpltCallback
 .text.HAL_SPI_ErrorCallback
                0x0000000008006778       0x14 ./Drivers/STM32L4xx_HAL_Driver/stm32l4xx_hal_spi.o
                0x0000000008006778                HAL_SPI_ErrorCallback
 .text.SPI_DMAAbortOnError
                0x000000000800678c       0x2a ./Drivers/STM32L4xx_HAL_Driver/stm32l4xx_hal_spi.o
 *fill*         0x00000000080067b6        0x2 
 .text.SPI_2linesRxISR_8BIT
                0x00000000080067b8       0xe4 ./Drivers/STM32L4xx_HAL_Driver/stm32l4xx_hal_spi.o
 .text.SPI_2linesRxISR_8BITCRC
                0x000000000800689c       0x58 ./Drivers/STM32L4xx_HAL_Driver/stm32l4xx_hal_spi.o
 .text.SPI_2linesTxISR_8BIT
                0x00000000080068f4       0xbc ./Drivers/STM32L4xx_HAL_Driver/stm32l4xx_hal_spi.o
 .text.SPI_2linesRxISR_16BIT
                0x00000000080069b0       0x7c ./Drivers/STM32L4xx_HAL_Driver/stm32l4xx_hal_spi.o
 .text.SPI_2linesRxISR_16BITCRC
                0x0000000008006a2c       0x34 ./Drivers/STM32L4xx_HAL_Driver/stm32l4xx_hal_spi.o
 .text.SPI_2linesTxISR_16BIT
                0x0000000008006a60       0x8a ./Drivers/STM32L4xx_HAL_Driver/stm32l4xx_hal_spi.o
 .text.SPI_RxISR_8BITCRC
                0x0000000008006aea       0x3e ./Drivers/STM32L4xx_HAL_Driver/stm32l4xx_hal_spi.o
 .text.SPI_RxISR_8BIT
                0x0000000008006b28       0x8c ./Drivers/STM32L4xx_HAL_Driver/stm32l4xx_hal_spi.o
 .text.SPI_RxISR_16BITCRC
                0x0000000008006bb4       0x34 ./Drivers/STM32L4xx_HAL_Driver/stm32l4xx_hal_spi.o
 .text.SPI_RxISR_16BIT
                0x0000000008006be8       0x88 ./Drivers/STM32L4xx_HAL_Driver/stm32l4xx_hal_spi.o
 .text.SPI_TxISR_8BIT
                0x0000000008006c70       0x60 ./Drivers/STM32L4xx_HAL_Driver/stm32l4xx_hal_spi.o
 .text.SPI_TxISR_16BIT
                0x0000000008006cd0       0x5e ./Drivers/STM32L4xx_HAL_Driver/stm32l4xx_hal_spi.o
 *fill*         0x0000000008006d2e        0x2 
 .text.SPI_WaitFlagStateUntilTimeout
                0x0000000008006d30      0x110 ./Drivers/STM32L4xx_HAL_Driver/stm32l4xx_hal_spi.o
 .text.SPI_WaitFifoStateUntilTimeout
                0x0000000008006e40      0x12c ./Drivers/STM32L4xx_HAL_Driver/stm32l4xx_hal_spi.o
 .text.SPI_EndRxTransaction
                0x0000000008006f6c       0xb0 ./Drivers/STM32L4xx_HAL_Driver/stm32l4xx_hal_spi.o
 .text.SPI_EndRxTxTransaction
                0x000000000800701c       0x8c ./Drivers/STM32L4xx_HAL_Driver/stm32l4xx_hal_spi.o
 .text.SPI_CloseRxTx_ISR
                0x00000000080070a8       0xb8 ./Drivers/STM32L4xx_HAL_Driver/stm32l4xx_hal_spi.o
 .text.SPI_CloseRx_ISR
                0x0000000008007160       0x8c ./Drivers/STM32L4xx_HAL_Driver/stm32l4xx_hal_spi.o
 .text.SPI_CloseTx_ISR
                0x00000000080071ec       0x7e ./Drivers/STM32L4xx_HAL_Driver/stm32l4xx_hal_spi.o
 .text.HAL_UART_Init
                0x000000000800726a       0x9c ./Drivers/STM32L4xx_HAL_Driver/stm32l4xx_hal_uart.o
                0x000000000800726a                HAL_UART_Init
 .text.HAL_UART_MspInit
                0x0000000008007306       0x14 ./Drivers/STM32L4xx_HAL_Driver/stm32l4xx_hal_uart.o
                0x0000000008007306                HAL_UART_MspInit
 .text.HAL_UART_Transmit
                0x000000000800731a      0x114 ./Drivers/STM32L4xx_HAL_Driver/stm32l4xx_hal_uart.o
                0x000000000800731a                HAL_UART_Transmit
 *fill*         0x000000000800742e        0x2 
 .text.UART_SetConfig
                0x0000000008007430      0x570 ./Drivers/STM32L4xx_HAL_Driver/stm32l4xx_hal_uart.o
                0x0000000008007430                UART_SetConfig
 .text.UART_AdvFeatureConfig
                0x00000000080079a0      0x144 ./Drivers/STM32L4xx_HAL_Driver/stm32l4xx_hal_uart.o
                0x00000000080079a0                UART_AdvFeatureConfig
 .text.UART_CheckIdleState
                0x0000000008007ae4      0x150 ./Drivers/STM32L4xx_HAL_Driver/stm32l4xx_hal_uart.o
                0x0000000008007ae4                UART_CheckIdleState
 .text.UART_WaitOnFlagUntilTimeout
                0x0000000008007c34       0xce ./Drivers/STM32L4xx_HAL_Driver/stm32l4xx_hal_uart.o
                0x0000000008007c34                UART_WaitOnFlagUntilTimeout
 .text.UART_EndRxTransfer
                0x0000000008007d02       0xc8 ./Drivers/STM32L4xx_HAL_Driver/stm32l4xx_hal_uart.o
 *fill*         0x0000000008007dca        0x2 
 .text.std      0x0000000008007dcc       0x48 D:/tp/STM32CubeIDE_1.11.2/STM32CubeIDE/plugins/com.st.stm32cube.ide.mcu.externaltools.gnu-tools-for-stm32.11.3.rel1.win32_1.1.0.202305231506/tools/bin/../lib/gcc/arm-none-eabi/11.3.1/../../../../arm-none-eabi/lib/thumb/v7e-m+fp/hard\libc_nano.a(libc_a-findfp.o)
 .text.stdio_exit_handler
                0x0000000008007e14       0x18 D:/tp/STM32CubeIDE_1.11.2/STM32CubeIDE/plugins/com.st.stm32cube.ide.mcu.externaltools.gnu-tools-for-stm32.11.3.rel1.win32_1.1.0.202305231506/tools/bin/../lib/gcc/arm-none-eabi/11.3.1/../../../../arm-none-eabi/lib/thumb/v7e-m+fp/hard\libc_nano.a(libc_a-findfp.o)
 .text.cleanup_stdio
                0x0000000008007e2c       0x40 D:/tp/STM32CubeIDE_1.11.2/STM32CubeIDE/plugins/com.st.stm32cube.ide.mcu.externaltools.gnu-tools-for-stm32.11.3.rel1.win32_1.1.0.202305231506/tools/bin/../lib/gcc/arm-none-eabi/11.3.1/../../../../arm-none-eabi/lib/thumb/v7e-m+fp/hard\libc_nano.a(libc_a-findfp.o)
 .text.global_stdio_init.part.0
                0x0000000008007e6c       0x3c D:/tp/STM32CubeIDE_1.11.2/STM32CubeIDE/plugins/com.st.stm32cube.ide.mcu.externaltools.gnu-tools-for-stm32.11.3.rel1.win32_1.1.0.202305231506/tools/bin/../lib/gcc/arm-none-eabi/11.3.1/../../../../arm-none-eabi/lib/thumb/v7e-m+fp/hard\libc_nano.a(libc_a-findfp.o)
 .text.__sfp_lock_acquire
                0x0000000008007ea8        0xc D:/tp/STM32CubeIDE_1.11.2/STM32CubeIDE/plugins/com.st.stm32cube.ide.mcu.externaltools.gnu-tools-for-stm32.11.3.rel1.win32_1.1.0.202305231506/tools/bin/../lib/gcc/arm-none-eabi/11.3.1/../../../../arm-none-eabi/lib/thumb/v7e-m+fp/hard\libc_nano.a(libc_a-findfp.o)
                0x0000000008007ea8                __sfp_lock_acquire
 .text.__sfp_lock_release
                0x0000000008007eb4        0xc D:/tp/STM32CubeIDE_1.11.2/STM32CubeIDE/plugins/com.st.stm32cube.ide.mcu.externaltools.gnu-tools-for-stm32.11.3.rel1.win32_1.1.0.202305231506/tools/bin/../lib/gcc/arm-none-eabi/11.3.1/../../../../arm-none-eabi/lib/thumb/v7e-m+fp/hard\libc_nano.a(libc_a-findfp.o)
                0x0000000008007eb4                __sfp_lock_release
 .text.__sinit  0x0000000008007ec0       0x30 D:/tp/STM32CubeIDE_1.11.2/STM32CubeIDE/plugins/com.st.stm32cube.ide.mcu.externaltools.gnu-tools-for-stm32.11.3.rel1.win32_1.1.0.202305231506/tools/bin/../lib/gcc/arm-none-eabi/11.3.1/../../../../arm-none-eabi/lib/thumb/v7e-m+fp/hard\libc_nano.a(libc_a-findfp.o)
                0x0000000008007ec0                __sinit
 .text._fwalk_sglue
                0x0000000008007ef0       0x3c D:/tp/STM32CubeIDE_1.11.2/STM32CubeIDE/plugins/com.st.stm32cube.ide.mcu.externaltools.gnu-tools-for-stm32.11.3.rel1.win32_1.1.0.202305231506/tools/bin/../lib/gcc/arm-none-eabi/11.3.1/../../../../arm-none-eabi/lib/thumb/v7e-m+fp/hard\libc_nano.a(libc_a-fwalk.o)
                0x0000000008007ef0                _fwalk_sglue
 .text.printf   0x0000000008007f2c       0x24 D:/tp/STM32CubeIDE_1.11.2/STM32CubeIDE/plugins/com.st.stm32cube.ide.mcu.externaltools.gnu-tools-for-stm32.11.3.rel1.win32_1.1.0.202305231506/tools/bin/../lib/gcc/arm-none-eabi/11.3.1/../../../../arm-none-eabi/lib/thumb/v7e-m+fp/hard\libc_nano.a(libc_a-printf.o)
                0x0000000008007f2c                iprintf
                0x0000000008007f2c                printf
 .text._puts_r  0x0000000008007f50       0xa8 D:/tp/STM32CubeIDE_1.11.2/STM32CubeIDE/plugins/com.st.stm32cube.ide.mcu.externaltools.gnu-tools-for-stm32.11.3.rel1.win32_1.1.0.202305231506/tools/bin/../lib/gcc/arm-none-eabi/11.3.1/../../../../arm-none-eabi/lib/thumb/v7e-m+fp/hard\libc_nano.a(libc_a-puts.o)
                0x0000000008007f50                _puts_r
 .text.puts     0x0000000008007ff8       0x10 D:/tp/STM32CubeIDE_1.11.2/STM32CubeIDE/plugins/com.st.stm32cube.ide.mcu.externaltools.gnu-tools-for-stm32.11.3.rel1.win32_1.1.0.202305231506/tools/bin/../lib/gcc/arm-none-eabi/11.3.1/../../../../arm-none-eabi/lib/thumb/v7e-m+fp/hard\libc_nano.a(libc_a-puts.o)
                0x0000000008007ff8                puts
 .text.sprintf  0x0000000008008008       0x40 D:/tp/STM32CubeIDE_1.11.2/STM32CubeIDE/plugins/com.st.stm32cube.ide.mcu.externaltools.gnu-tools-for-stm32.11.3.rel1.win32_1.1.0.202305231506/tools/bin/../lib/gcc/arm-none-eabi/11.3.1/../../../../arm-none-eabi/lib/thumb/v7e-m+fp/hard\libc_nano.a(libc_a-sprintf.o)
                0x0000000008008008                siprintf
                0x0000000008008008                sprintf
 .text.__sread  0x0000000008008048       0x22 D:/tp/STM32CubeIDE_1.11.2/STM32CubeIDE/plugins/com.st.stm32cube.ide.mcu.externaltools.gnu-tools-for-stm32.11.3.rel1.win32_1.1.0.202305231506/tools/bin/../lib/gcc/arm-none-eabi/11.3.1/../../../../arm-none-eabi/lib/thumb/v7e-m+fp/hard\libc_nano.a(libc_a-stdio.o)
                0x0000000008008048                __sread
 .text.__swrite
                0x000000000800806a       0x38 D:/tp/STM32CubeIDE_1.11.2/STM32CubeIDE/plugins/com.st.stm32cube.ide.mcu.externaltools.gnu-tools-for-stm32.11.3.rel1.win32_1.1.0.202305231506/tools/bin/../lib/gcc/arm-none-eabi/11.3.1/../../../../arm-none-eabi/lib/thumb/v7e-m+fp/hard\libc_nano.a(libc_a-stdio.o)
                0x000000000800806a                __swrite
 .text.__sseek  0x00000000080080a2       0x24 D:/tp/STM32CubeIDE_1.11.2/STM32CubeIDE/plugins/com.st.stm32cube.ide.mcu.externaltools.gnu-tools-for-stm32.11.3.rel1.win32_1.1.0.202305231506/tools/bin/../lib/gcc/arm-none-eabi/11.3.1/../../../../arm-none-eabi/lib/thumb/v7e-m+fp/hard\libc_nano.a(libc_a-stdio.o)
                0x00000000080080a2                __sseek
 .text.__sclose
                0x00000000080080c6        0x8 D:/tp/STM32CubeIDE_1.11.2/STM32CubeIDE/plugins/com.st.stm32cube.ide.mcu.externaltools.gnu-tools-for-stm32.11.3.rel1.win32_1.1.0.202305231506/tools/bin/../lib/gcc/arm-none-eabi/11.3.1/../../../../arm-none-eabi/lib/thumb/v7e-m+fp/hard\libc_nano.a(libc_a-stdio.o)
                0x00000000080080c6                __sclose
 .text.__swbuf_r
                0x00000000080080ce       0x7a D:/tp/STM32CubeIDE_1.11.2/STM32CubeIDE/plugins/com.st.stm32cube.ide.mcu.externaltools.gnu-tools-for-stm32.11.3.rel1.win32_1.1.0.202305231506/tools/bin/../lib/gcc/arm-none-eabi/11.3.1/../../../../arm-none-eabi/lib/thumb/v7e-m+fp/hard\libc_nano.a(libc_a-wbuf.o)
                0x00000000080080ce                __swbuf_r
 .text.__swsetup_r
                0x0000000008008148       0xb0 D:/tp/STM32CubeIDE_1.11.2/STM32CubeIDE/plugins/com.st.stm32cube.ide.mcu.externaltools.gnu-tools-for-stm32.11.3.rel1.win32_1.1.0.202305231506/tools/bin/../lib/gcc/arm-none-eabi/11.3.1/../../../../arm-none-eabi/lib/thumb/v7e-m+fp/hard\libc_nano.a(libc_a-wsetup.o)
                0x0000000008008148                __swsetup_r
 .text.memcmp   0x00000000080081f8       0x20 D:/tp/STM32CubeIDE_1.11.2/STM32CubeIDE/plugins/com.st.stm32cube.ide.mcu.externaltools.gnu-tools-for-stm32.11.3.rel1.win32_1.1.0.202305231506/tools/bin/../lib/gcc/arm-none-eabi/11.3.1/../../../../arm-none-eabi/lib/thumb/v7e-m+fp/hard\libc_nano.a(libc_a-memcmp.o)
                0x00000000080081f8                memcmp
 .text.memset   0x0000000008008218       0x10 D:/tp/STM32CubeIDE_1.11.2/STM32CubeIDE/plugins/com.st.stm32cube.ide.mcu.externaltools.gnu-tools-for-stm32.11.3.rel1.win32_1.1.0.202305231506/tools/bin/../lib/gcc/arm-none-eabi/11.3.1/../../../../arm-none-eabi/lib/thumb/v7e-m+fp/hard\libc_nano.a(libc_a-memset.o)
                0x0000000008008218                memset
 .text.strcat   0x0000000008008228       0x1e D:/tp/STM32CubeIDE_1.11.2/STM32CubeIDE/plugins/com.st.stm32cube.ide.mcu.externaltools.gnu-tools-for-stm32.11.3.rel1.win32_1.1.0.202305231506/tools/bin/../lib/gcc/arm-none-eabi/11.3.1/../../../../arm-none-eabi/lib/thumb/v7e-m+fp/hard\libc_nano.a(libc_a-strcat.o)
                0x0000000008008228                strcat
 .text.strncmp  0x0000000008008246       0x24 D:/tp/STM32CubeIDE_1.11.2/STM32CubeIDE/plugins/com.st.stm32cube.ide.mcu.externaltools.gnu-tools-for-stm32.11.3.rel1.win32_1.1.0.202305231506/tools/bin/../lib/gcc/arm-none-eabi/11.3.1/../../../../arm-none-eabi/lib/thumb/v7e-m+fp/hard\libc_nano.a(libc_a-strncmp.o)
                0x0000000008008246                strncmp
 .text.strncpy  0x000000000800826a       0x26 D:/tp/STM32CubeIDE_1.11.2/STM32CubeIDE/plugins/com.st.stm32cube.ide.mcu.externaltools.gnu-tools-for-stm32.11.3.rel1.win32_1.1.0.202305231506/tools/bin/../lib/gcc/arm-none-eabi/11.3.1/../../../../arm-none-eabi/lib/thumb/v7e-m+fp/hard\libc_nano.a(libc_a-strncpy.o)
                0x000000000800826a                strncpy
 .text.strtok   0x0000000008008290       0x68 D:/tp/STM32CubeIDE_1.11.2/STM32CubeIDE/plugins/com.st.stm32cube.ide.mcu.externaltools.gnu-tools-for-stm32.11.3.rel1.win32_1.1.0.202305231506/tools/bin/../lib/gcc/arm-none-eabi/11.3.1/../../../../arm-none-eabi/lib/thumb/v7e-m+fp/hard\libc_nano.a(libc_a-strtok.o)
                0x0000000008008290                strtok
 .text.__strtok_r
                0x00000000080082f8       0x50 D:/tp/STM32CubeIDE_1.11.2/STM32CubeIDE/plugins/com.st.stm32cube.ide.mcu.externaltools.gnu-tools-for-stm32.11.3.rel1.win32_1.1.0.202305231506/tools/bin/../lib/gcc/arm-none-eabi/11.3.1/../../../../arm-none-eabi/lib/thumb/v7e-m+fp/hard\libc_nano.a(libc_a-strtok_r.o)
                0x00000000080082f8                __strtok_r
 .text.strstr   0x0000000008008348       0x2c D:/tp/STM32CubeIDE_1.11.2/STM32CubeIDE/plugins/com.st.stm32cube.ide.mcu.externaltools.gnu-tools-for-stm32.11.3.rel1.win32_1.1.0.202305231506/tools/bin/../lib/gcc/arm-none-eabi/11.3.1/../../../../arm-none-eabi/lib/thumb/v7e-m+fp/hard\libc_nano.a(libc_a-strstr.o)
                0x0000000008008348                strstr
 .text._close_r
                0x0000000008008374       0x20 D:/tp/STM32CubeIDE_1.11.2/STM32CubeIDE/plugins/com.st.stm32cube.ide.mcu.externaltools.gnu-tools-for-stm32.11.3.rel1.win32_1.1.0.202305231506/tools/bin/../lib/gcc/arm-none-eabi/11.3.1/../../../../arm-none-eabi/lib/thumb/v7e-m+fp/hard\libc_nano.a(libc_a-closer.o)
                0x0000000008008374                _close_r
 .text._lseek_r
                0x0000000008008394       0x24 D:/tp/STM32CubeIDE_1.11.2/STM32CubeIDE/plugins/com.st.stm32cube.ide.mcu.externaltools.gnu-tools-for-stm32.11.3.rel1.win32_1.1.0.202305231506/tools/bin/../lib/gcc/arm-none-eabi/11.3.1/../../../../arm-none-eabi/lib/thumb/v7e-m+fp/hard\libc_nano.a(libc_a-lseekr.o)
                0x0000000008008394                _lseek_r
 .text._read_r  0x00000000080083b8       0x24 D:/tp/STM32CubeIDE_1.11.2/STM32CubeIDE/plugins/com.st.stm32cube.ide.mcu.externaltools.gnu-tools-for-stm32.11.3.rel1.win32_1.1.0.202305231506/tools/bin/../lib/gcc/arm-none-eabi/11.3.1/../../../../arm-none-eabi/lib/thumb/v7e-m+fp/hard\libc_nano.a(libc_a-readr.o)
                0x00000000080083b8                _read_r
 .text._write_r
                0x00000000080083dc       0x24 D:/tp/STM32CubeIDE_1.11.2/STM32CubeIDE/plugins/com.st.stm32cube.ide.mcu.externaltools.gnu-tools-for-stm32.11.3.rel1.win32_1.1.0.202305231506/tools/bin/../lib/gcc/arm-none-eabi/11.3.1/../../../../arm-none-eabi/lib/thumb/v7e-m+fp/hard\libc_nano.a(libc_a-writer.o)
                0x00000000080083dc                _write_r
 .text.__errno  0x0000000008008400        0xc D:/tp/STM32CubeIDE_1.11.2/STM32CubeIDE/plugins/com.st.stm32cube.ide.mcu.externaltools.gnu-tools-for-stm32.11.3.rel1.win32_1.1.0.202305231506/tools/bin/../lib/gcc/arm-none-eabi/11.3.1/../../../../arm-none-eabi/lib/thumb/v7e-m+fp/hard\libc_nano.a(libc_a-errno.o)
                0x0000000008008400                __errno
 .text.__libc_init_array
                0x000000000800840c       0x48 D:/tp/STM32CubeIDE_1.11.2/STM32CubeIDE/plugins/com.st.stm32cube.ide.mcu.externaltools.gnu-tools-for-stm32.11.3.rel1.win32_1.1.0.202305231506/tools/bin/../lib/gcc/arm-none-eabi/11.3.1/../../../../arm-none-eabi/lib/thumb/v7e-m+fp/hard\libc_nano.a(libc_a-init.o)
                0x000000000800840c                __libc_init_array
 .text.__retarget_lock_acquire_recursive
                0x0000000008008454        0x2 D:/tp/STM32CubeIDE_1.11.2/STM32CubeIDE/plugins/com.st.stm32cube.ide.mcu.externaltools.gnu-tools-for-stm32.11.3.rel1.win32_1.1.0.202305231506/tools/bin/../lib/gcc/arm-none-eabi/11.3.1/../../../../arm-none-eabi/lib/thumb/v7e-m+fp/hard\libc_nano.a(libc_a-lock.o)
                0x0000000008008454                __retarget_lock_acquire_recursive
 .text.__retarget_lock_release_recursive
                0x0000000008008456        0x2 D:/tp/STM32CubeIDE_1.11.2/STM32CubeIDE/plugins/com.st.stm32cube.ide.mcu.externaltools.gnu-tools-for-stm32.11.3.rel1.win32_1.1.0.202305231506/tools/bin/../lib/gcc/arm-none-eabi/11.3.1/../../../../arm-none-eabi/lib/thumb/v7e-m+fp/hard\libc_nano.a(libc_a-lock.o)
                0x0000000008008456                __retarget_lock_release_recursive
 .text.memcpy   0x0000000008008458       0x1c D:/tp/STM32CubeIDE_1.11.2/STM32CubeIDE/plugins/com.st.stm32cube.ide.mcu.externaltools.gnu-tools-for-stm32.11.3.rel1.win32_1.1.0.202305231506/tools/bin/../lib/gcc/arm-none-eabi/11.3.1/../../../../arm-none-eabi/lib/thumb/v7e-m+fp/hard\libc_nano.a(libc_a-memcpy-stub.o)
                0x0000000008008458                memcpy
 .text.__assert_func
                0x0000000008008474       0x3c D:/tp/STM32CubeIDE_1.11.2/STM32CubeIDE/plugins/com.st.stm32cube.ide.mcu.externaltools.gnu-tools-for-stm32.11.3.rel1.win32_1.1.0.202305231506/tools/bin/../lib/gcc/arm-none-eabi/11.3.1/../../../../arm-none-eabi/lib/thumb/v7e-m+fp/hard\libc_nano.a(libc_a-assert.o)
                0x0000000008008474                __assert_func
 .text._free_r  0x00000000080084b0       0x98 D:/tp/STM32CubeIDE_1.11.2/STM32CubeIDE/plugins/com.st.stm32cube.ide.mcu.externaltools.gnu-tools-for-stm32.11.3.rel1.win32_1.1.0.202305231506/tools/bin/../lib/gcc/arm-none-eabi/11.3.1/../../../../arm-none-eabi/lib/thumb/v7e-m+fp/hard\libc_nano.a(libc_a-freer.o)
                0x00000000080084b0                _free_r
 .text.malloc   0x0000000008008548       0x10 D:/tp/STM32CubeIDE_1.11.2/STM32CubeIDE/plugins/com.st.stm32cube.ide.mcu.externaltools.gnu-tools-for-stm32.11.3.rel1.win32_1.1.0.202305231506/tools/bin/../lib/gcc/arm-none-eabi/11.3.1/../../../../arm-none-eabi/lib/thumb/v7e-m+fp/hard\libc_nano.a(libc_a-malloc.o)
                0x0000000008008548                malloc
 .text.sbrk_aligned
                0x0000000008008558       0x40 D:/tp/STM32CubeIDE_1.11.2/STM32CubeIDE/plugins/com.st.stm32cube.ide.mcu.externaltools.gnu-tools-for-stm32.11.3.rel1.win32_1.1.0.202305231506/tools/bin/../lib/gcc/arm-none-eabi/11.3.1/../../../../arm-none-eabi/lib/thumb/v7e-m+fp/hard\libc_nano.a(libc_a-mallocr.o)
 .text._malloc_r
                0x0000000008008598      0x100 D:/tp/STM32CubeIDE_1.11.2/STM32CubeIDE/plugins/com.st.stm32cube.ide.mcu.externaltools.gnu-tools-for-stm32.11.3.rel1.win32_1.1.0.202305231506/tools/bin/../lib/gcc/arm-none-eabi/11.3.1/../../../../arm-none-eabi/lib/thumb/v7e-m+fp/hard\libc_nano.a(libc_a-mallocr.o)
                0x0000000008008598                _malloc_r
 .text.__malloc_lock
                0x0000000008008698        0xc D:/tp/STM32CubeIDE_1.11.2/STM32CubeIDE/plugins/com.st.stm32cube.ide.mcu.externaltools.gnu-tools-for-stm32.11.3.rel1.win32_1.1.0.202305231506/tools/bin/../lib/gcc/arm-none-eabi/11.3.1/../../../../arm-none-eabi/lib/thumb/v7e-m+fp/hard\libc_nano.a(libc_a-mlock.o)
                0x0000000008008698                __malloc_lock
 .text.__malloc_unlock
                0x00000000080086a4        0xc D:/tp/STM32CubeIDE_1.11.2/STM32CubeIDE/plugins/com.st.stm32cube.ide.mcu.externaltools.gnu-tools-for-stm32.11.3.rel1.win32_1.1.0.202305231506/tools/bin/../lib/gcc/arm-none-eabi/11.3.1/../../../../arm-none-eabi/lib/thumb/v7e-m+fp/hard\libc_nano.a(libc_a-mlock.o)
                0x00000000080086a4                __malloc_unlock
 .text.__ssputs_r
                0x00000000080086b0       0xb4 D:/tp/STM32CubeIDE_1.11.2/STM32CubeIDE/plugins/com.st.stm32cube.ide.mcu.externaltools.gnu-tools-for-stm32.11.3.rel1.win32_1.1.0.202305231506/tools/bin/../lib/gcc/arm-none-eabi/11.3.1/../../../../arm-none-eabi/lib/thumb/v7e-m+fp/hard\libc_nano.a(libc_a-nano-svfprintf.o)
                0x00000000080086b0                __ssputs_r
 .text._svfprintf_r
                0x0000000008008764      0x1fc D:/tp/STM32CubeIDE_1.11.2/STM32CubeIDE/plugins/com.st.stm32cube.ide.mcu.externaltools.gnu-tools-for-stm32.11.3.rel1.win32_1.1.0.202305231506/tools/bin/../lib/gcc/arm-none-eabi/11.3.1/../../../../arm-none-eabi/lib/thumb/v7e-m+fp/hard\libc_nano.a(libc_a-nano-svfprintf.o)
                0x0000000008008764                _svfiprintf_r
                0x0000000008008764                _svfprintf_r
 .text.__sfputc_r
                0x0000000008008960       0x2e D:/tp/STM32CubeIDE_1.11.2/STM32CubeIDE/plugins/com.st.stm32cube.ide.mcu.externaltools.gnu-tools-for-stm32.11.3.rel1.win32_1.1.0.202305231506/tools/bin/../lib/gcc/arm-none-eabi/11.3.1/../../../../arm-none-eabi/lib/thumb/v7e-m+fp/hard\libc_nano.a(libc_a-nano-vfprintf.o)
 .text.__sfputs_r
                0x000000000800898e       0x24 D:/tp/STM32CubeIDE_1.11.2/STM32CubeIDE/plugins/com.st.stm32cube.ide.mcu.externaltools.gnu-tools-for-stm32.11.3.rel1.win32_1.1.0.202305231506/tools/bin/../lib/gcc/arm-none-eabi/11.3.1/../../../../arm-none-eabi/lib/thumb/v7e-m+fp/hard\libc_nano.a(libc_a-nano-vfprintf.o)
                0x000000000800898e                __sfputs_r
 *fill*         0x00000000080089b2        0x2 
 .text._vfprintf_r
                0x00000000080089b4      0x234 D:/tp/STM32CubeIDE_1.11.2/STM32CubeIDE/plugins/com.st.stm32cube.ide.mcu.externaltools.gnu-tools-for-stm32.11.3.rel1.win32_1.1.0.202305231506/tools/bin/../lib/gcc/arm-none-eabi/11.3.1/../../../../arm-none-eabi/lib/thumb/v7e-m+fp/hard\libc_nano.a(libc_a-nano-vfprintf.o)
                0x00000000080089b4                _vfprintf_r
                0x00000000080089b4                _vfiprintf_r
 .text._printf_common
                0x0000000008008be8       0xda D:/tp/STM32CubeIDE_1.11.2/STM32CubeIDE/plugins/com.st.stm32cube.ide.mcu.externaltools.gnu-tools-for-stm32.11.3.rel1.win32_1.1.0.202305231506/tools/bin/../lib/gcc/arm-none-eabi/11.3.1/../../../../arm-none-eabi/lib/thumb/v7e-m+fp/hard\libc_nano.a(libc_a-nano-vfprintf_i.o)
                0x0000000008008be8                _printf_common
 *fill*         0x0000000008008cc2        0x2 
 .text._printf_i
                0x0000000008008cc4      0x244 D:/tp/STM32CubeIDE_1.11.2/STM32CubeIDE/plugins/com.st.stm32cube.ide.mcu.externaltools.gnu-tools-for-stm32.11.3.rel1.win32_1.1.0.202305231506/tools/bin/../lib/gcc/arm-none-eabi/11.3.1/../../../../arm-none-eabi/lib/thumb/v7e-m+fp/hard\libc_nano.a(libc_a-nano-vfprintf_i.o)
                0x0000000008008cc4                _printf_i
 .text.__sflush_r
                0x0000000008008f08      0x10c D:/tp/STM32CubeIDE_1.11.2/STM32CubeIDE/plugins/com.st.stm32cube.ide.mcu.externaltools.gnu-tools-for-stm32.11.3.rel1.win32_1.1.0.202305231506/tools/bin/../lib/gcc/arm-none-eabi/11.3.1/../../../../arm-none-eabi/lib/thumb/v7e-m+fp/hard\libc_nano.a(libc_a-fflush.o)
                0x0000000008008f08                __sflush_r
 .text._fflush_r
                0x0000000008009014       0x50 D:/tp/STM32CubeIDE_1.11.2/STM32CubeIDE/plugins/com.st.stm32cube.ide.mcu.externaltools.gnu-tools-for-stm32.11.3.rel1.win32_1.1.0.202305231506/tools/bin/../lib/gcc/arm-none-eabi/11.3.1/../../../../arm-none-eabi/lib/thumb/v7e-m+fp/hard\libc_nano.a(libc_a-fflush.o)
                0x0000000008009014                _fflush_r
 .text.fprintf  0x0000000008009064       0x24 D:/tp/STM32CubeIDE_1.11.2/STM32CubeIDE/plugins/com.st.stm32cube.ide.mcu.externaltools.gnu-tools-for-stm32.11.3.rel1.win32_1.1.0.202305231506/tools/bin/../lib/gcc/arm-none-eabi/11.3.1/../../../../arm-none-eabi/lib/thumb/v7e-m+fp/hard\libc_nano.a(libc_a-fprintf.o)
                0x0000000008009064                fiprintf
                0x0000000008009064                fprintf
 .text.__swhatbuf_r
                0x0000000008009088       0x4c D:/tp/STM32CubeIDE_1.11.2/STM32CubeIDE/plugins/com.st.stm32cube.ide.mcu.externaltools.gnu-tools-for-stm32.11.3.rel1.win32_1.1.0.202305231506/tools/bin/../lib/gcc/arm-none-eabi/11.3.1/../../../../arm-none-eabi/lib/thumb/v7e-m+fp/hard\libc_nano.a(libc_a-makebuf.o)
                0x0000000008009088                __swhatbuf_r
 .text.__smakebuf_r
                0x00000000080090d4       0x78 D:/tp/STM32CubeIDE_1.11.2/STM32CubeIDE/plugins/com.st.stm32cube.ide.mcu.externaltools.gnu-tools-for-stm32.11.3.rel1.win32_1.1.0.202305231506/tools/bin/../lib/gcc/arm-none-eabi/11.3.1/../../../../arm-none-eabi/lib/thumb/v7e-m+fp/hard\libc_nano.a(libc_a-makebuf.o)
                0x00000000080090d4                __smakebuf_r
 .text.memmove  0x000000000800914c       0x34 D:/tp/STM32CubeIDE_1.11.2/STM32CubeIDE/plugins/com.st.stm32cube.ide.mcu.externaltools.gnu-tools-for-stm32.11.3.rel1.win32_1.1.0.202305231506/tools/bin/../lib/gcc/arm-none-eabi/11.3.1/../../../../arm-none-eabi/lib/thumb/v7e-m+fp/hard\libc_nano.a(libc_a-memmove.o)
                0x000000000800914c                memmove
 .text._fstat_r
                0x0000000008009180       0x24 D:/tp/STM32CubeIDE_1.11.2/STM32CubeIDE/plugins/com.st.stm32cube.ide.mcu.externaltools.gnu-tools-for-stm32.11.3.rel1.win32_1.1.0.202305231506/tools/bin/../lib/gcc/arm-none-eabi/11.3.1/../../../../arm-none-eabi/lib/thumb/v7e-m+fp/hard\libc_nano.a(libc_a-fstatr.o)
                0x0000000008009180                _fstat_r
 .text._isatty_r
                0x00000000080091a4       0x20 D:/tp/STM32CubeIDE_1.11.2/STM32CubeIDE/plugins/com.st.stm32cube.ide.mcu.externaltools.gnu-tools-for-stm32.11.3.rel1.win32_1.1.0.202305231506/tools/bin/../lib/gcc/arm-none-eabi/11.3.1/../../../../arm-none-eabi/lib/thumb/v7e-m+fp/hard\libc_nano.a(libc_a-isattyr.o)
                0x00000000080091a4                _isatty_r
 .text._sbrk_r  0x00000000080091c4       0x20 D:/tp/STM32CubeIDE_1.11.2/STM32CubeIDE/plugins/com.st.stm32cube.ide.mcu.externaltools.gnu-tools-for-stm32.11.3.rel1.win32_1.1.0.202305231506/tools/bin/../lib/gcc/arm-none-eabi/11.3.1/../../../../arm-none-eabi/lib/thumb/v7e-m+fp/hard\libc_nano.a(libc_a-sbrkr.o)
                0x00000000080091c4                _sbrk_r
 .text.abort    0x00000000080091e4        0xe D:/tp/STM32CubeIDE_1.11.2/STM32CubeIDE/plugins/com.st.stm32cube.ide.mcu.externaltools.gnu-tools-for-stm32.11.3.rel1.win32_1.1.0.202305231506/tools/bin/../lib/gcc/arm-none-eabi/11.3.1/../../../../arm-none-eabi/lib/thumb/v7e-m+fp/hard\libc_nano.a(libc_a-abort.o)
                0x00000000080091e4                abort
 .text._realloc_r
                0x00000000080091f2       0x5e D:/tp/STM32CubeIDE_1.11.2/STM32CubeIDE/plugins/com.st.stm32cube.ide.mcu.externaltools.gnu-tools-for-stm32.11.3.rel1.win32_1.1.0.202305231506/tools/bin/../lib/gcc/arm-none-eabi/11.3.1/../../../../arm-none-eabi/lib/thumb/v7e-m+fp/hard\libc_nano.a(libc_a-reallocr.o)
                0x00000000080091f2                _realloc_r
 .text._raise_r
                0x0000000008009250       0x50 D:/tp/STM32CubeIDE_1.11.2/STM32CubeIDE/plugins/com.st.stm32cube.ide.mcu.externaltools.gnu-tools-for-stm32.11.3.rel1.win32_1.1.0.202305231506/tools/bin/../lib/gcc/arm-none-eabi/11.3.1/../../../../arm-none-eabi/lib/thumb/v7e-m+fp/hard\libc_nano.a(libc_a-signal.o)
                0x0000000008009250                _raise_r
 .text.raise    0x00000000080092a0       0x10 D:/tp/STM32CubeIDE_1.11.2/STM32CubeIDE/plugins/com.st.stm32cube.ide.mcu.externaltools.gnu-tools-for-stm32.11.3.rel1.win32_1.1.0.202305231506/tools/bin/../lib/gcc/arm-none-eabi/11.3.1/../../../../arm-none-eabi/lib/thumb/v7e-m+fp/hard\libc_nano.a(libc_a-signal.o)
                0x00000000080092a0                raise
 .text._kill_r  0x00000000080092b0       0x24 D:/tp/STM32CubeIDE_1.11.2/STM32CubeIDE/plugins/com.st.stm32cube.ide.mcu.externaltools.gnu-tools-for-stm32.11.3.rel1.win32_1.1.0.202305231506/tools/bin/../lib/gcc/arm-none-eabi/11.3.1/../../../../arm-none-eabi/lib/thumb/v7e-m+fp/hard\libc_nano.a(libc_a-signalr.o)
                0x00000000080092b0                _kill_r
 .text._getpid_r
                0x00000000080092d4        0x4 D:/tp/STM32CubeIDE_1.11.2/STM32CubeIDE/plugins/com.st.stm32cube.ide.mcu.externaltools.gnu-tools-for-stm32.11.3.rel1.win32_1.1.0.202305231506/tools/bin/../lib/gcc/arm-none-eabi/11.3.1/../../../../arm-none-eabi/lib/thumb/v7e-m+fp/hard\libc_nano.a(libc_a-signalr.o)
                0x00000000080092d4                _getpid_r
 .text._malloc_usable_size_r
                0x00000000080092d8       0x10 D:/tp/STM32CubeIDE_1.11.2/STM32CubeIDE/plugins/com.st.stm32cube.ide.mcu.externaltools.gnu-tools-for-stm32.11.3.rel1.win32_1.1.0.202305231506/tools/bin/../lib/gcc/arm-none-eabi/11.3.1/../../../../arm-none-eabi/lib/thumb/v7e-m+fp/hard\libc_nano.a(libc_a-msizer.o)
                0x00000000080092d8                _malloc_usable_size_r
 *(.glue_7)
 .glue_7        0x00000000080092e8        0x0 linker stubs
 *(.glue_7t)
 .glue_7t       0x00000000080092e8        0x0 linker stubs
 *(.eh_frame)
 .eh_frame      0x00000000080092e8        0x0 D:/tp/STM32CubeIDE_1.11.2/STM32CubeIDE/plugins/com.st.stm32cube.ide.mcu.externaltools.gnu-tools-for-stm32.11.3.rel1.win32_1.1.0.202305231506/tools/bin/../lib/gcc/arm-none-eabi/11.3.1/thumb/v7e-m+fp/hard/crtbegin.o
 *(.init)
 .init          0x00000000080092e8        0x4 D:/tp/STM32CubeIDE_1.11.2/STM32CubeIDE/plugins/com.st.stm32cube.ide.mcu.externaltools.gnu-tools-for-stm32.11.3.rel1.win32_1.1.0.202305231506/tools/bin/../lib/gcc/arm-none-eabi/11.3.1/thumb/v7e-m+fp/hard/crti.o
                0x00000000080092e8                _init
 .init          0x00000000080092ec        0x8 D:/tp/STM32CubeIDE_1.11.2/STM32CubeIDE/plugins/com.st.stm32cube.ide.mcu.externaltools.gnu-tools-for-stm32.11.3.rel1.win32_1.1.0.202305231506/tools/bin/../lib/gcc/arm-none-eabi/11.3.1/thumb/v7e-m+fp/hard/crtn.o
 *(.fini)
 .fini          0x00000000080092f4        0x4 D:/tp/STM32CubeIDE_1.11.2/STM32CubeIDE/plugins/com.st.stm32cube.ide.mcu.externaltools.gnu-tools-for-stm32.11.3.rel1.win32_1.1.0.202305231506/tools/bin/../lib/gcc/arm-none-eabi/11.3.1/thumb/v7e-m+fp/hard/crti.o
                0x00000000080092f4                _fini
 .fini          0x00000000080092f8        0x8 D:/tp/STM32CubeIDE_1.11.2/STM32CubeIDE/plugins/com.st.stm32cube.ide.mcu.externaltools.gnu-tools-for-stm32.11.3.rel1.win32_1.1.0.202305231506/tools/bin/../lib/gcc/arm-none-eabi/11.3.1/thumb/v7e-m+fp/hard/crtn.o
                0x0000000008009300                . = ALIGN (0x4)
                0x0000000008009300                _etext = .

.vfp11_veneer   0x0000000008009300        0x0
 .vfp11_veneer  0x0000000008009300        0x0 linker stubs

.v4_bx          0x0000000008009300        0x0
 .v4_bx         0x0000000008009300        0x0 linker stubs

.iplt           0x0000000008009300        0x0
 .iplt          0x0000000008009300        0x0 D:/tp/STM32CubeIDE_1.11.2/STM32CubeIDE/plugins/com.st.stm32cube.ide.mcu.externaltools.gnu-tools-for-stm32.11.3.rel1.win32_1.1.0.202305231506/tools/bin/../lib/gcc/arm-none-eabi/11.3.1/thumb/v7e-m+fp/hard/crtbegin.o

.rodata         0x0000000008009300      0xce4
                0x0000000008009300                . = ALIGN (0x4)
 *(.rodata)
 .rodata        0x0000000008009300      0x6bf ./Application/User/main.o
 *fill*         0x00000000080099bf        0x1 
 .rodata        0x00000000080099c0      0x4fa ./Application/WIFI/es_wifi.o
 *(.rodata*)
 *fill*         0x0000000008009eba        0x2 
 .rodata.AHBPrescTable
                0x0000000008009ebc       0x10 ./Drivers/CMSIS/system_stm32l4xx.o
                0x0000000008009ebc                AHBPrescTable
 .rodata.APBPrescTable
                0x0000000008009ecc        0x8 ./Drivers/CMSIS/system_stm32l4xx.o
                0x0000000008009ecc                APBPrescTable
 .rodata.MSIRangeTable
                0x0000000008009ed4       0x30 ./Drivers/CMSIS/system_stm32l4xx.o
                0x0000000008009ed4                MSIRangeTable
 .rodata.strtok.str1.1
                0x0000000008009f04       0x71 D:/tp/STM32CubeIDE_1.11.2/STM32CubeIDE/plugins/com.st.stm32cube.ide.mcu.externaltools.gnu-tools-for-stm32.11.3.rel1.win32_1.1.0.202305231506/tools/bin/../lib/gcc/arm-none-eabi/11.3.1/../../../../arm-none-eabi/lib/thumb/v7e-m+fp/hard\libc_nano.a(libc_a-strtok.o)
 .rodata.__assert_func.str1.1
                0x0000000008009f75       0x3c D:/tp/STM32CubeIDE_1.11.2/STM32CubeIDE/plugins/com.st.stm32cube.ide.mcu.externaltools.gnu-tools-for-stm32.11.3.rel1.win32_1.1.0.202305231506/tools/bin/../lib/gcc/arm-none-eabi/11.3.1/../../../../arm-none-eabi/lib/thumb/v7e-m+fp/hard\libc_nano.a(libc_a-assert.o)
                                         0x3d (size before relaxing)
 .rodata._svfprintf_r.str1.1
                0x0000000008009fb1       0x11 D:/tp/STM32CubeIDE_1.11.2/STM32CubeIDE/plugins/com.st.stm32cube.ide.mcu.externaltools.gnu-tools-for-stm32.11.3.rel1.win32_1.1.0.202305231506/tools/bin/../lib/gcc/arm-none-eabi/11.3.1/../../../../arm-none-eabi/lib/thumb/v7e-m+fp/hard\libc_nano.a(libc_a-nano-svfprintf.o)
 .rodata._vfprintf_r.str1.1
                0x0000000008009fc2       0x11 D:/tp/STM32CubeIDE_1.11.2/STM32CubeIDE/plugins/com.st.stm32cube.ide.mcu.externaltools.gnu-tools-for-stm32.11.3.rel1.win32_1.1.0.202305231506/tools/bin/../lib/gcc/arm-none-eabi/11.3.1/../../../../arm-none-eabi/lib/thumb/v7e-m+fp/hard\libc_nano.a(libc_a-nano-vfprintf.o)
 .rodata._printf_i.str1.1
                0x0000000008009fc2       0x22 D:/tp/STM32CubeIDE_1.11.2/STM32CubeIDE/plugins/com.st.stm32cube.ide.mcu.externaltools.gnu-tools-for-stm32.11.3.rel1.win32_1.1.0.202305231506/tools/bin/../lib/gcc/arm-none-eabi/11.3.1/../../../../arm-none-eabi/lib/thumb/v7e-m+fp/hard\libc_nano.a(libc_a-nano-vfprintf_i.o)
                0x0000000008009fe4                . = ALIGN (0x4)

.ARM.extab      0x0000000008009fe4        0x0
                0x0000000008009fe4                . = ALIGN (0x4)
 *(.ARM.extab* .gnu.linkonce.armextab.*)
                0x0000000008009fe4                . = ALIGN (0x4)

.ARM            0x0000000008009fe4        0x8
                0x0000000008009fe4                . = ALIGN (0x4)
                0x0000000008009fe4                __exidx_start = .
 *(.ARM.exidx*)
 .ARM.exidx     0x0000000008009fe4        0x8 D:/tp/STM32CubeIDE_1.11.2/STM32CubeIDE/plugins/com.st.stm32cube.ide.mcu.externaltools.gnu-tools-for-stm32.11.3.rel1.win32_1.1.0.202305231506/tools/bin/../lib/gcc/arm-none-eabi/11.3.1/thumb/v7e-m+fp/hard\libgcc.a(_udivmoddi4.o)
                0x0000000008009fec                __exidx_end = .
                0x0000000008009fec                . = ALIGN (0x4)

.rel.dyn        0x0000000008009fec        0x0
 .rel.iplt      0x0000000008009fec        0x0 D:/tp/STM32CubeIDE_1.11.2/STM32CubeIDE/plugins/com.st.stm32cube.ide.mcu.externaltools.gnu-tools-for-stm32.11.3.rel1.win32_1.1.0.202305231506/tools/bin/../lib/gcc/arm-none-eabi/11.3.1/thumb/v7e-m+fp/hard/crtbegin.o

.preinit_array  0x0000000008009fec        0x0
                0x0000000008009fec                . = ALIGN (0x4)
                0x0000000008009fec                PROVIDE (__preinit_array_start = .)
 *(.preinit_array*)
                0x0000000008009fec                PROVIDE (__preinit_array_end = .)
                0x0000000008009fec                . = ALIGN (0x4)

.init_array     0x0000000008009fec        0x4
                0x0000000008009fec                . = ALIGN (0x4)
                0x0000000008009fec                PROVIDE (__init_array_start = .)
 *(SORT_BY_NAME(.init_array.*))
 *(.init_array*)
 .init_array    0x0000000008009fec        0x4 D:/tp/STM32CubeIDE_1.11.2/STM32CubeIDE/plugins/com.st.stm32cube.ide.mcu.externaltools.gnu-tools-for-stm32.11.3.rel1.win32_1.1.0.202305231506/tools/bin/../lib/gcc/arm-none-eabi/11.3.1/thumb/v7e-m+fp/hard/crtbegin.o
                0x0000000008009ff0                PROVIDE (__init_array_end = .)
                0x0000000008009ff0                . = ALIGN (0x4)

.fini_array     0x0000000008009ff0        0x4
                0x0000000008009ff0                . = ALIGN (0x4)
                [!provide]                        PROVIDE (__fini_array_start = .)
 *(SORT_BY_NAME(.fini_array.*))
 *(.fini_array*)
 .fini_array    0x0000000008009ff0        0x4 D:/tp/STM32CubeIDE_1.11.2/STM32CubeIDE/plugins/com.st.stm32cube.ide.mcu.externaltools.gnu-tools-for-stm32.11.3.rel1.win32_1.1.0.202305231506/tools/bin/../lib/gcc/arm-none-eabi/11.3.1/thumb/v7e-m+fp/hard/crtbegin.o
                [!provide]                        PROVIDE (__fini_array_end = .)
                0x0000000008009ff4                . = ALIGN (0x4)
                0x0000000008009ff4                _sidata = LOADADDR (.data)

.data           0x0000000020000000       0x88 load address 0x0000000008009ff4
                0x0000000020000000                . = ALIGN (0x4)
                0x0000000020000000                _sdata = .
 *(.data)
 *(.data*)
 .data.HTS221_T_Drv
                0x0000000020000000       0x10 ./Drivers/BSP/hts221.o
                0x0000000020000000                HTS221_T_Drv
 .data.SystemCoreClock
                0x0000000020000010        0x4 ./Drivers/CMSIS/system_stm32l4xx.o
                0x0000000020000010                SystemCoreClock
 .data.GPIO_PORT
                0x0000000020000014        0x4 ./Drivers/STM32L4xx_HAL_Driver/stm32l475e_iot01.o
                0x0000000020000014                GPIO_PORT
 .data.COM_USART
                0x0000000020000018        0x4 ./Drivers/STM32L4xx_HAL_Driver/stm32l475e_iot01.o
                0x0000000020000018                COM_USART
 .data.COM_TX_PORT
                0x000000002000001c        0x4 ./Drivers/STM32L4xx_HAL_Driver/stm32l475e_iot01.o
                0x000000002000001c                COM_TX_PORT
 .data.COM_RX_PORT
                0x0000000020000020        0x4 ./Drivers/STM32L4xx_HAL_Driver/stm32l475e_iot01.o
                0x0000000020000020                COM_RX_PORT
 .data.uwTickPrio
                0x0000000020000024        0x4 ./Drivers/STM32L4xx_HAL_Driver/stm32l4xx_hal.o
                0x0000000020000024                uwTickPrio
 .data.uwTickFreq
                0x0000000020000028        0x1 ./Drivers/STM32L4xx_HAL_Driver/stm32l4xx_hal.o
                0x0000000020000028                uwTickFreq
 *fill*         0x0000000020000029        0x3 
 .data.__sglue  0x000000002000002c        0xc D:/tp/STM32CubeIDE_1.11.2/STM32CubeIDE/plugins/com.st.stm32cube.ide.mcu.externaltools.gnu-tools-for-stm32.11.3.rel1.win32_1.1.0.202305231506/tools/bin/../lib/gcc/arm-none-eabi/11.3.1/../../../../arm-none-eabi/lib/thumb/v7e-m+fp/hard\libc_nano.a(libc_a-findfp.o)
                0x000000002000002c                __sglue
 .data._impure_data
                0x0000000020000038       0x4c D:/tp/STM32CubeIDE_1.11.2/STM32CubeIDE/plugins/com.st.stm32cube.ide.mcu.externaltools.gnu-tools-for-stm32.11.3.rel1.win32_1.1.0.202305231506/tools/bin/../lib/gcc/arm-none-eabi/11.3.1/../../../../arm-none-eabi/lib/thumb/v7e-m+fp/hard\libc_nano.a(libc_a-impure.o)
                0x0000000020000038                _impure_data
 .data._impure_ptr
                0x0000000020000084        0x4 D:/tp/STM32CubeIDE_1.11.2/STM32CubeIDE/plugins/com.st.stm32cube.ide.mcu.externaltools.gnu-tools-for-stm32.11.3.rel1.win32_1.1.0.202305231506/tools/bin/../lib/gcc/arm-none-eabi/11.3.1/../../../../arm-none-eabi/lib/thumb/v7e-m+fp/hard\libc_nano.a(libc_a-impure.o)
                0x0000000020000084                _impure_ptr
 *(.RamFunc)
 *(.RamFunc*)
                0x0000000020000088                . = ALIGN (0x4)
                0x0000000020000088                _edata = .
                0x000000000800a07c                _sisram2 = LOADADDR (.sram2)

.igot.plt       0x0000000020000088        0x0 load address 0x000000000800a07c
 .igot.plt      0x0000000020000088        0x0 D:/tp/STM32CubeIDE_1.11.2/STM32CubeIDE/plugins/com.st.stm32cube.ide.mcu.externaltools.gnu-tools-for-stm32.11.3.rel1.win32_1.1.0.202305231506/tools/bin/../lib/gcc/arm-none-eabi/11.3.1/thumb/v7e-m+fp/hard/crtbegin.o

.sram2          0x0000000010000000        0x0 load address 0x000000000800a07c
                0x0000000010000000                . = ALIGN (0x4)
                0x0000000010000000                _ssram2 = .
 *(.sram2)
 *(.sram2*)
                0x0000000010000000                . = ALIGN (0x4)
                0x0000000010000000                _esram2 = .
                0x0000000010000000                . = ALIGN (0x4)

.bss            0x0000000020000088     0x13d0
                0x0000000020000088                _sbss = .
                0x0000000020000088                __bss_start__ = _sbss
 *(.bss)
 .bss           0x0000000020000088       0x1c D:/tp/STM32CubeIDE_1.11.2/STM32CubeIDE/plugins/com.st.stm32cube.ide.mcu.externaltools.gnu-tools-for-stm32.11.3.rel1.win32_1.1.0.202305231506/tools/bin/../lib/gcc/arm-none-eabi/11.3.1/thumb/v7e-m+fp/hard/crtbegin.o
 *(.bss*)
 .bss.http      0x00000000200000a4      0x400 ./Application/User/main.o
 .bss.IP_Addr   0x00000000200004a4        0x4 ./Application/User/main.o
 .bss.LedState  0x00000000200004a8        0x4 ./Application/User/main.o
 .bss.resp.0    0x00000000200004ac      0x400 ./Application/User/main.o
 .bss.__sbrk_heap_end
                0x00000000200008ac        0x4 ./Application/User/sysmem.o
 .bss.issue15   0x00000000200008b0        0x4 ./Application/WIFI/es_wifi.o
                0x00000000200008b0                issue15
 .bss.hspi      0x00000000200008b4       0x64 ./Application/WIFI/es_wifi_io.o
                0x00000000200008b4                hspi
 .bss.spi_rx_event
                0x0000000020000918        0x4 ./Application/WIFI/es_wifi_io.o
 .bss.spi_tx_event
                0x000000002000091c        0x4 ./Application/WIFI/es_wifi_io.o
 .bss.cmddata_rdy_rising_event
                0x0000000020000920        0x4 ./Application/WIFI/es_wifi_io.o
 .bss.cycle_per_loop.0
                0x0000000020000924        0x4 ./Application/WIFI/es_wifi_io.o
 .bss.EsWifiObj
                0x0000000020000928      0x900 ./Application/WIFI/wifi.o
 .bss.hI2cHandler
                0x0000000020001228       0x54 ./Drivers/STM32L4xx_HAL_Driver/stm32l475e_iot01.o
                0x0000000020001228                hI2cHandler
 .bss.hDiscoUart
                0x000000002000127c       0x88 ./Drivers/STM32L4xx_HAL_Driver/stm32l475e_iot01.o
                0x000000002000127c                hDiscoUart
 .bss.tsensor_drv
                0x0000000020001304        0x4 ./Drivers/STM32L4xx_HAL_Driver/stm32l475e_iot01_tsensor.o
 .bss.uwTick    0x0000000020001308        0x4 ./Drivers/STM32L4xx_HAL_Driver/stm32l4xx_hal.o
                0x0000000020001308                uwTick
 .bss.__sf      0x000000002000130c      0x138 D:/tp/STM32CubeIDE_1.11.2/STM32CubeIDE/plugins/com.st.stm32cube.ide.mcu.externaltools.gnu-tools-for-stm32.11.3.rel1.win32_1.1.0.202305231506/tools/bin/../lib/gcc/arm-none-eabi/11.3.1/../../../../arm-none-eabi/lib/thumb/v7e-m+fp/hard\libc_nano.a(libc_a-findfp.o)
                0x000000002000130c                __sf
 .bss.__stdio_exit_handler
                0x0000000020001444        0x4 D:/tp/STM32CubeIDE_1.11.2/STM32CubeIDE/plugins/com.st.stm32cube.ide.mcu.externaltools.gnu-tools-for-stm32.11.3.rel1.win32_1.1.0.202305231506/tools/bin/../lib/gcc/arm-none-eabi/11.3.1/../../../../arm-none-eabi/lib/thumb/v7e-m+fp/hard\libc_nano.a(libc_a-findfp.o)
                0x0000000020001444                __stdio_exit_handler
 .bss.errno     0x0000000020001448        0x4 D:/tp/STM32CubeIDE_1.11.2/STM32CubeIDE/plugins/com.st.stm32cube.ide.mcu.externaltools.gnu-tools-for-stm32.11.3.rel1.win32_1.1.0.202305231506/tools/bin/../lib/gcc/arm-none-eabi/11.3.1/../../../../arm-none-eabi/lib/thumb/v7e-m+fp/hard\libc_nano.a(libc_a-reent.o)
                0x0000000020001448                errno
 .bss.__lock___malloc_recursive_mutex
                0x000000002000144c        0x1 D:/tp/STM32CubeIDE_1.11.2/STM32CubeIDE/plugins/com.st.stm32cube.ide.mcu.externaltools.gnu-tools-for-stm32.11.3.rel1.win32_1.1.0.202305231506/tools/bin/../lib/gcc/arm-none-eabi/11.3.1/../../../../arm-none-eabi/lib/thumb/v7e-m+fp/hard\libc_nano.a(libc_a-lock.o)
                0x000000002000144c                __lock___malloc_recursive_mutex
 .bss.__lock___sfp_recursive_mutex
                0x000000002000144d        0x1 D:/tp/STM32CubeIDE_1.11.2/STM32CubeIDE/plugins/com.st.stm32cube.ide.mcu.externaltools.gnu-tools-for-stm32.11.3.rel1.win32_1.1.0.202305231506/tools/bin/../lib/gcc/arm-none-eabi/11.3.1/../../../../arm-none-eabi/lib/thumb/v7e-m+fp/hard\libc_nano.a(libc_a-lock.o)
                0x000000002000144d                __lock___sfp_recursive_mutex
 *fill*         0x000000002000144e        0x2 
 .bss.__malloc_free_list
                0x0000000020001450        0x4 D:/tp/STM32CubeIDE_1.11.2/STM32CubeIDE/plugins/com.st.stm32cube.ide.mcu.externaltools.gnu-tools-for-stm32.11.3.rel1.win32_1.1.0.202305231506/tools/bin/../lib/gcc/arm-none-eabi/11.3.1/../../../../arm-none-eabi/lib/thumb/v7e-m+fp/hard\libc_nano.a(libc_a-mallocr.o)
                0x0000000020001450                __malloc_free_list
 .bss.__malloc_sbrk_start
                0x0000000020001454        0x4 D:/tp/STM32CubeIDE_1.11.2/STM32CubeIDE/plugins/com.st.stm32cube.ide.mcu.externaltools.gnu-tools-for-stm32.11.3.rel1.win32_1.1.0.202305231506/tools/bin/../lib/gcc/arm-none-eabi/11.3.1/../../../../arm-none-eabi/lib/thumb/v7e-m+fp/hard\libc_nano.a(libc_a-mallocr.o)
                0x0000000020001454                __malloc_sbrk_start
 *(COMMON)
                0x0000000020001458                . = ALIGN (0x4)
                0x0000000020001458                _ebss = .
                0x0000000020001458                __bss_end__ = _ebss

._user_heap_stack
                0x0000000020001458    0x16800
                0x0000000020001458                . = ALIGN (0x8)
                [!provide]                        PROVIDE (end = .)
                0x0000000020001458                PROVIDE (_end = .)
                0x0000000020011458                . = (. + _Min_Heap_Size)
 *fill*         0x0000000020001458    0x10000 
                0x0000000020017c58                . = (. + _Min_Stack_Size)
 *fill*         0x0000000020011458     0x6800 
                0x0000000020017c58                . = ALIGN (0x8)

/DISCARD/
 libc.a(*)
 libm.a(*)
 libgcc.a(*)

.ARM.attributes
                0x0000000000000000       0x30
 *(.ARM.attributes)
 .ARM.attributes
                0x0000000000000000       0x1e D:/tp/STM32CubeIDE_1.11.2/STM32CubeIDE/plugins/com.st.stm32cube.ide.mcu.externaltools.gnu-tools-for-stm32.11.3.rel1.win32_1.1.0.202305231506/tools/bin/../lib/gcc/arm-none-eabi/11.3.1/thumb/v7e-m+fp/hard/crti.o
 .ARM.attributes
                0x000000000000001e       0x34 D:/tp/STM32CubeIDE_1.11.2/STM32CubeIDE/plugins/com.st.stm32cube.ide.mcu.externaltools.gnu-tools-for-stm32.11.3.rel1.win32_1.1.0.202305231506/tools/bin/../lib/gcc/arm-none-eabi/11.3.1/thumb/v7e-m+fp/hard/crtbegin.o
 .ARM.attributes
                0x0000000000000052       0x21 ./Application/Startup/startup_stm32l475vgtx.o
 .ARM.attributes
                0x0000000000000073       0x34 ./Application/User/main.o
 .ARM.attributes
                0x00000000000000a7       0x34 ./Application/User/stm32l4xx_it.o
 .ARM.attributes
                0x00000000000000db       0x34 ./Application/User/syscalls.o
 .ARM.attributes
                0x000000000000010f       0x34 ./Application/User/sysmem.o
 .ARM.attributes
                0x0000000000000143       0x34 ./Application/WIFI/es_wifi.o
 .ARM.attributes
                0x0000000000000177       0x34 ./Application/WIFI/es_wifi_io.o
 .ARM.attributes
                0x00000000000001ab       0x34 ./Application/WIFI/wifi.o
 .ARM.attributes
                0x00000000000001df       0x34 ./Drivers/BSP/hts221.o
 .ARM.attributes
                0x0000000000000213       0x34 ./Drivers/CMSIS/system_stm32l4xx.o
 .ARM.attributes
                0x0000000000000247       0x34 ./Drivers/STM32L4xx_HAL_Driver/stm32l475e_iot01.o
 .ARM.attributes
                0x000000000000027b       0x34 ./Drivers/STM32L4xx_HAL_Driver/stm32l475e_iot01_tsensor.o
 .ARM.attributes
                0x00000000000002af       0x34 ./Drivers/STM32L4xx_HAL_Driver/stm32l4xx_hal.o
 .ARM.attributes
                0x00000000000002e3       0x34 ./Drivers/STM32L4xx_HAL_Driver/stm32l4xx_hal_cortex.o
 .ARM.attributes
                0x0000000000000317       0x34 ./Drivers/STM32L4xx_HAL_Driver/stm32l4xx_hal_dma.o
 .ARM.attributes
                0x000000000000034b       0x34 ./Drivers/STM32L4xx_HAL_Driver/stm32l4xx_hal_gpio.o
 .ARM.attributes
                0x000000000000037f       0x34 ./Drivers/STM32L4xx_HAL_Driver/stm32l4xx_hal_i2c.o
 .ARM.attributes
                0x00000000000003b3       0x34 ./Drivers/STM32L4xx_HAL_Driver/stm32l4xx_hal_i2c_ex.o
 .ARM.attributes
                0x00000000000003e7       0x34 ./Drivers/STM32L4xx_HAL_Driver/stm32l4xx_hal_pwr_ex.o
 .ARM.attributes
                0x000000000000041b       0x34 ./Drivers/STM32L4xx_HAL_Driver/stm32l4xx_hal_rcc.o
 .ARM.attributes
                0x000000000000044f       0x34 ./Drivers/STM32L4xx_HAL_Driver/stm32l4xx_hal_spi.o
 .ARM.attributes
                0x0000000000000483       0x34 ./Drivers/STM32L4xx_HAL_Driver/stm32l4xx_hal_uart.o
 .ARM.attributes
                0x00000000000004b7       0x34 D:/tp/STM32CubeIDE_1.11.2/STM32CubeIDE/plugins/com.st.stm32cube.ide.mcu.externaltools.gnu-tools-for-stm32.11.3.rel1.win32_1.1.0.202305231506/tools/bin/../lib/gcc/arm-none-eabi/11.3.1/../../../../arm-none-eabi/lib/thumb/v7e-m+fp/hard\libc_nano.a(libc_a-findfp.o)
 .ARM.attributes
                0x00000000000004eb       0x34 D:/tp/STM32CubeIDE_1.11.2/STM32CubeIDE/plugins/com.st.stm32cube.ide.mcu.externaltools.gnu-tools-for-stm32.11.3.rel1.win32_1.1.0.202305231506/tools/bin/../lib/gcc/arm-none-eabi/11.3.1/../../../../arm-none-eabi/lib/thumb/v7e-m+fp/hard\libc_nano.a(libc_a-fwalk.o)
 .ARM.attributes
                0x000000000000051f       0x34 D:/tp/STM32CubeIDE_1.11.2/STM32CubeIDE/plugins/com.st.stm32cube.ide.mcu.externaltools.gnu-tools-for-stm32.11.3.rel1.win32_1.1.0.202305231506/tools/bin/../lib/gcc/arm-none-eabi/11.3.1/../../../../arm-none-eabi/lib/thumb/v7e-m+fp/hard\libc_nano.a(libc_a-printf.o)
 .ARM.attributes
                0x0000000000000553       0x34 D:/tp/STM32CubeIDE_1.11.2/STM32CubeIDE/plugins/com.st.stm32cube.ide.mcu.externaltools.gnu-tools-for-stm32.11.3.rel1.win32_1.1.0.202305231506/tools/bin/../lib/gcc/arm-none-eabi/11.3.1/../../../../arm-none-eabi/lib/thumb/v7e-m+fp/hard\libc_nano.a(libc_a-puts.o)
 .ARM.attributes
                0x0000000000000587       0x34 D:/tp/STM32CubeIDE_1.11.2/STM32CubeIDE/plugins/com.st.stm32cube.ide.mcu.externaltools.gnu-tools-for-stm32.11.3.rel1.win32_1.1.0.202305231506/tools/bin/../lib/gcc/arm-none-eabi/11.3.1/../../../../arm-none-eabi/lib/thumb/v7e-m+fp/hard\libc_nano.a(libc_a-sprintf.o)
 .ARM.attributes
                0x00000000000005bb       0x34 D:/tp/STM32CubeIDE_1.11.2/STM32CubeIDE/plugins/com.st.stm32cube.ide.mcu.externaltools.gnu-tools-for-stm32.11.3.rel1.win32_1.1.0.202305231506/tools/bin/../lib/gcc/arm-none-eabi/11.3.1/../../../../arm-none-eabi/lib/thumb/v7e-m+fp/hard\libc_nano.a(libc_a-stdio.o)
 .ARM.attributes
                0x00000000000005ef       0x34 D:/tp/STM32CubeIDE_1.11.2/STM32CubeIDE/plugins/com.st.stm32cube.ide.mcu.externaltools.gnu-tools-for-stm32.11.3.rel1.win32_1.1.0.202305231506/tools/bin/../lib/gcc/arm-none-eabi/11.3.1/../../../../arm-none-eabi/lib/thumb/v7e-m+fp/hard\libc_nano.a(libc_a-wbuf.o)
 .ARM.attributes
                0x0000000000000623       0x34 D:/tp/STM32CubeIDE_1.11.2/STM32CubeIDE/plugins/com.st.stm32cube.ide.mcu.externaltools.gnu-tools-for-stm32.11.3.rel1.win32_1.1.0.202305231506/tools/bin/../lib/gcc/arm-none-eabi/11.3.1/../../../../arm-none-eabi/lib/thumb/v7e-m+fp/hard\libc_nano.a(libc_a-wsetup.o)
 .ARM.attributes
                0x0000000000000657       0x34 D:/tp/STM32CubeIDE_1.11.2/STM32CubeIDE/plugins/com.st.stm32cube.ide.mcu.externaltools.gnu-tools-for-stm32.11.3.rel1.win32_1.1.0.202305231506/tools/bin/../lib/gcc/arm-none-eabi/11.3.1/../../../../arm-none-eabi/lib/thumb/v7e-m+fp/hard\libc_nano.a(libc_a-memcmp.o)
 .ARM.attributes
                0x000000000000068b       0x34 D:/tp/STM32CubeIDE_1.11.2/STM32CubeIDE/plugins/com.st.stm32cube.ide.mcu.externaltools.gnu-tools-for-stm32.11.3.rel1.win32_1.1.0.202305231506/tools/bin/../lib/gcc/arm-none-eabi/11.3.1/../../../../arm-none-eabi/lib/thumb/v7e-m+fp/hard\libc_nano.a(libc_a-memset.o)
 .ARM.attributes
                0x00000000000006bf       0x34 D:/tp/STM32CubeIDE_1.11.2/STM32CubeIDE/plugins/com.st.stm32cube.ide.mcu.externaltools.gnu-tools-for-stm32.11.3.rel1.win32_1.1.0.202305231506/tools/bin/../lib/gcc/arm-none-eabi/11.3.1/../../../../arm-none-eabi/lib/thumb/v7e-m+fp/hard\libc_nano.a(libc_a-strcat.o)
 .ARM.attributes
                0x00000000000006f3       0x34 D:/tp/STM32CubeIDE_1.11.2/STM32CubeIDE/plugins/com.st.stm32cube.ide.mcu.externaltools.gnu-tools-for-stm32.11.3.rel1.win32_1.1.0.202305231506/tools/bin/../lib/gcc/arm-none-eabi/11.3.1/../../../../arm-none-eabi/lib/thumb/v7e-m+fp/hard\libc_nano.a(libc_a-strncmp.o)
 .ARM.attributes
                0x0000000000000727       0x34 D:/tp/STM32CubeIDE_1.11.2/STM32CubeIDE/plugins/com.st.stm32cube.ide.mcu.externaltools.gnu-tools-for-stm32.11.3.rel1.win32_1.1.0.202305231506/tools/bin/../lib/gcc/arm-none-eabi/11.3.1/../../../../arm-none-eabi/lib/thumb/v7e-m+fp/hard\libc_nano.a(libc_a-strncpy.o)
 .ARM.attributes
                0x000000000000075b       0x34 D:/tp/STM32CubeIDE_1.11.2/STM32CubeIDE/plugins/com.st.stm32cube.ide.mcu.externaltools.gnu-tools-for-stm32.11.3.rel1.win32_1.1.0.202305231506/tools/bin/../lib/gcc/arm-none-eabi/11.3.1/../../../../arm-none-eabi/lib/thumb/v7e-m+fp/hard\libc_nano.a(libc_a-strtok.o)
 .ARM.attributes
                0x000000000000078f       0x34 D:/tp/STM32CubeIDE_1.11.2/STM32CubeIDE/plugins/com.st.stm32cube.ide.mcu.externaltools.gnu-tools-for-stm32.11.3.rel1.win32_1.1.0.202305231506/tools/bin/../lib/gcc/arm-none-eabi/11.3.1/../../../../arm-none-eabi/lib/thumb/v7e-m+fp/hard\libc_nano.a(libc_a-strtok_r.o)
 .ARM.attributes
                0x00000000000007c3       0x34 D:/tp/STM32CubeIDE_1.11.2/STM32CubeIDE/plugins/com.st.stm32cube.ide.mcu.externaltools.gnu-tools-for-stm32.11.3.rel1.win32_1.1.0.202305231506/tools/bin/../lib/gcc/arm-none-eabi/11.3.1/../../../../arm-none-eabi/lib/thumb/v7e-m+fp/hard\libc_nano.a(libc_a-strstr.o)
 .ARM.attributes
                0x00000000000007f7       0x34 D:/tp/STM32CubeIDE_1.11.2/STM32CubeIDE/plugins/com.st.stm32cube.ide.mcu.externaltools.gnu-tools-for-stm32.11.3.rel1.win32_1.1.0.202305231506/tools/bin/../lib/gcc/arm-none-eabi/11.3.1/../../../../arm-none-eabi/lib/thumb/v7e-m+fp/hard\libc_nano.a(libc_a-closer.o)
 .ARM.attributes
                0x000000000000082b       0x34 D:/tp/STM32CubeIDE_1.11.2/STM32CubeIDE/plugins/com.st.stm32cube.ide.mcu.externaltools.gnu-tools-for-stm32.11.3.rel1.win32_1.1.0.202305231506/tools/bin/../lib/gcc/arm-none-eabi/11.3.1/../../../../arm-none-eabi/lib/thumb/v7e-m+fp/hard\libc_nano.a(libc_a-reent.o)
 .ARM.attributes
                0x000000000000085f       0x34 D:/tp/STM32CubeIDE_1.11.2/STM32CubeIDE/plugins/com.st.stm32cube.ide.mcu.externaltools.gnu-tools-for-stm32.11.3.rel1.win32_1.1.0.202305231506/tools/bin/../lib/gcc/arm-none-eabi/11.3.1/../../../../arm-none-eabi/lib/thumb/v7e-m+fp/hard\libc_nano.a(libc_a-impure.o)
 .ARM.attributes
                0x0000000000000893       0x34 D:/tp/STM32CubeIDE_1.11.2/STM32CubeIDE/plugins/com.st.stm32cube.ide.mcu.externaltools.gnu-tools-for-stm32.11.3.rel1.win32_1.1.0.202305231506/tools/bin/../lib/gcc/arm-none-eabi/11.3.1/../../../../arm-none-eabi/lib/thumb/v7e-m+fp/hard\libc_nano.a(libc_a-lseekr.o)
 .ARM.attributes
                0x00000000000008c7       0x34 D:/tp/STM32CubeIDE_1.11.2/STM32CubeIDE/plugins/com.st.stm32cube.ide.mcu.externaltools.gnu-tools-for-stm32.11.3.rel1.win32_1.1.0.202305231506/tools/bin/../lib/gcc/arm-none-eabi/11.3.1/../../../../arm-none-eabi/lib/thumb/v7e-m+fp/hard\libc_nano.a(libc_a-readr.o)
 .ARM.attributes
                0x00000000000008fb       0x34 D:/tp/STM32CubeIDE_1.11.2/STM32CubeIDE/plugins/com.st.stm32cube.ide.mcu.externaltools.gnu-tools-for-stm32.11.3.rel1.win32_1.1.0.202305231506/tools/bin/../lib/gcc/arm-none-eabi/11.3.1/../../../../arm-none-eabi/lib/thumb/v7e-m+fp/hard\libc_nano.a(libc_a-writer.o)
 .ARM.attributes